Component: ARM Compiler 5.06 update 6 (build 750) Tool: armlink [4d35ed]

==============================================================================

Section Cross References

    systick.o(i.SysTick_Init) refers to system_stm32f10x.o(.data) for SystemCoreClock
    systick.o(i.TimingDelay_Crement) refers to systick.o(.data) for .data
    systick.o(i.delay_ms) refers to systick.o(i.millis) for millis
    systick.o(i.millis) refers to systick.o(.data) for .data
    usart.o(i.NVIC_USART_Init) refers to misc.o(i.NVIC_SetVectorTable) for NVIC_SetVectorTable
    usart.o(i.NVIC_USART_Init) refers to misc.o(i.NVIC_PriorityGroupConfig) for NVIC_PriorityGroupConfig
    usart.o(i.NVIC_USART_Init) refers to misc.o(i.NVIC_Init) for NVIC_Init
    usart.o(i.Serial_Config) refers to stm32f10x_rcc.o(i.RCC_APB2PeriphClockCmd) for RCC_APB2PeriphClockCmd
    usart.o(i.Serial_Config) refers to usart.o(i.NVIC_USART_Init) for NVIC_USART_Init
    usart.o(i.Serial_Config) refers to stm32f10x_gpio.o(i.GPIO_Init) for GPIO_Init
    usart.o(i.Serial_Config) refers to stm32f10x_rcc.o(i.RCC_APB1PeriphClockCmd) for RCC_APB1PeriphClockCmd
    usart.o(i.Serial_Config) refers to stm32f10x_usart.o(i.USART_Init) for USART_Init
    usart.o(i.Serial_Config) refers to stm32f10x_usart.o(i.USART_ITConfig) for USART_ITConfig
    usart.o(i.Serial_Config) refers to stm32f10x_usart.o(i.USART_ClearITPendingBit) for USART_ClearITPendingBit
    usart.o(i.Serial_Config) refers to stm32f10x_usart.o(i.USART_Cmd) for USART_Cmd
    usart.o(i.USART_PutString) refers to usart.o(i.USART_SendByte) for USART_SendByte
    usart.o(i.USART_SendArray) refers to usart.o(i.USART_SendByte) for USART_SendByte
    usart.o(i.USART_SendByte) refers to stm32f10x_usart.o(i.USART_GetFlagStatus) for USART_GetFlagStatus
    usart.o(i.USART_SendByte) refers to stm32f10x_usart.o(i.USART_SendData) for USART_SendData
    tim.o(i.PWM_Init) refers to stm32f10x_tim.o(i.TIM_TimeBaseInit) for TIM_TimeBaseInit
    tim.o(i.PWM_Init) refers to stm32f10x_tim.o(i.TIM_OC3Init) for TIM_OC3Init
    tim.o(i.PWM_Init) refers to stm32f10x_tim.o(i.TIM_OC3PreloadConfig) for TIM_OC3PreloadConfig
    tim.o(i.PWM_Init) refers to stm32f10x_tim.o(i.TIM_OC4Init) for TIM_OC4Init
    tim.o(i.PWM_Init) refers to stm32f10x_tim.o(i.TIM_OC4PreloadConfig) for TIM_OC4PreloadConfig
    tim.o(i.PWM_Init) refers to stm32f10x_tim.o(i.TIM_ARRPreloadConfig) for TIM_ARRPreloadConfig
    tim.o(i.PWM_Init) refers to stm32f10x_tim.o(i.TIM_Cmd) for TIM_Cmd
    tim.o(i.PWM_Init) refers to stm32f10x_tim.o(i.TIM_CtrlPWMOutputs) for TIM_CtrlPWMOutputs
    tim.o(i.tim_init) refers to stm32f10x_rcc.o(i.RCC_APB1PeriphClockCmd) for RCC_APB1PeriphClockCmd
    tim.o(i.tim_init) refers to stm32f10x_rcc.o(i.RCC_APB2PeriphClockCmd) for RCC_APB2PeriphClockCmd
    tim.o(i.tim_init) refers to stm32f10x_gpio.o(i.GPIO_Init) for GPIO_Init
    tim.o(i.tim_init) refers to tim.o(i.PWM_Init) for PWM_Init
    tim.o(i.tim_init) refers to stm32f10x_tim.o(i.TIM_EncoderInterfaceConfig) for TIM_EncoderInterfaceConfig
    tim.o(i.tim_init) refers to stm32f10x_tim.o(i.TIM_Cmd) for TIM_Cmd
    mylib.o(i.mapf) refers to daddsub_clz.o(x$fpl$dsub) for __aeabi_dsub
    mylib.o(i.mapf) refers to dmul.o(x$fpl$dmul) for __aeabi_dmul
    mylib.o(i.mapf) refers to ddiv.o(x$fpl$ddiv) for __aeabi_ddiv
    mylib.o(i.mapf) refers to daddsub_clz.o(x$fpl$dadd) for __aeabi_dadd
    main.o(i.main) refers to system_stm32f10x.o(i.SystemInit) for SystemInit
    main.o(i.main) refers to systick.o(i.SysTick_Init) for SysTick_Init
    main.o(i.main) refers to led.o(i.led_init) for led_init
    main.o(i.main) refers to srf04.o(i.sonar_srf04_init) for sonar_srf04_init
    main.o(i.main) refers to comm.o(i.comm_init) for comm_init
    main.o(i.main) refers to motor.o(i.motor_init) for motor_init
    main.o(i.main) refers to comm.o(i.comm_parse) for comm_parse
    main.o(i.main) refers to adxl345.o(i.adxl345_parse) for adxl345_parse
    main.o(i.main) refers to motor.o(i.runtimeDriver) for runtimeDriver
    main.o(i.main) refers to srf04.o(i.ping_obstacle) for ping_obstacle
    stm32f10x_it.o(i.SysTick_Handler) refers to systick.o(i.TimingDelay_Crement) for TimingDelay_Crement
    led.o(i.clear_fmc_led) refers to led.o(.data) for .data
    led.o(i.led_init) refers to stm32f10x_rcc.o(i.RCC_APB2PeriphClockCmd) for RCC_APB2PeriphClockCmd
    led.o(i.led_init) refers to stm32f10x_gpio.o(i.GPIO_Init) for GPIO_Init
    led.o(i.led_init) refers to led.o(i.cmdLed) for cmdLed
    led.o(i.set_fmc_led) refers to led.o(.data) for .data
    led.o(i.turnLed) refers to led.o(i.cmdLed) for cmdLed
    led.o(i.turnLed) refers to led.o(.data) for .data
    adxl345.o(i.adxl345_get_id) refers to adxl345.o(i.read_i2c) for read_i2c
    adxl345.o(i.adxl345_parse) refers to adxl345.o(i.i2c1_init) for i2c1_init
    adxl345.o(i.adxl345_parse) refers to systick.o(i.millis) for millis
    adxl345.o(i.adxl345_parse) refers to adxl345.o(i.adxl345_get_id) for adxl345_get_id
[...]
    i.PID_SetMode                            0x08000c3e   Section        0  pid_controller.o(i.PID_SetMode)
    i.PID_SetOutputLimits                    0x08000c5c   Section        0  pid_controller.o(i.PID_SetOutputLimits)
    i.PID_SetSampleTime                      0x08000ce8   Section        0  pid_controller.o(i.PID_SetSampleTime)
    i.PID_SetTunings                         0x08000d40   Section        0  pid_controller.o(i.PID_SetTunings)
    i.PWM_Init                               0x08000dd8   Section        0  tim.o(i.PWM_Init)
    PWM_Init                                 0x08000dd9   Thumb Code   136  tim.o(i.PWM_Init)
    i.PendSV_Handler                         0x08000e64   Section        0  stm32f10x_it.o(i.PendSV_Handler)
    i.RCC_APB1PeriphClockCmd                 0x08000e68   Section        0  stm32f10x_rcc.o(i.RCC_APB1PeriphClockCmd)
    i.RCC_APB2PeriphClockCmd                 0x08000e80   Section        0  stm32f10x_rcc.o(i.RCC_APB2PeriphClockCmd)
    i.RCC_GetClocksFreq                      0x08000e98   Section        0  stm32f10x_rcc.o(i.RCC_GetClocksFreq)
    i.SVC_Handler                            0x08000f28   Section        0  stm32f10x_it.o(i.SVC_Handler)
    i.Serial_Config                          0x08000f2c   Section        0  usart.o(i.Serial_Config)
    i.SetSysClockTo72                        0x080010a8   Section        0  system_stm32f10x.o(i.SetSysClockTo72)
    SetSysClockTo72                          0x080010a9   Thumb Code   160  system_stm32f10x.o(i.SetSysClockTo72)
    i.SysTick_Handler                        0x08001150   Section        0  stm32f10x_it.o(i.SysTick_Handler)
    i.SysTick_Init                           0x08001154   Section        0  systick.o(i.SysTick_Init)
    i.SystemInit                             0x080011ac   Section        0  system_stm32f10x.o(i.SystemInit)
    i.TI1_Config                             0x080011fc   Section        0  stm32f10x_tim.o(i.TI1_Config)
    TI1_Config                               0x080011fd   Thumb Code    88  stm32f10x_tim.o(i.TI1_Config)
    i.TI2_Config                             0x08001268   Section        0  stm32f10x_tim.o(i.TI2_Config)
    TI2_Config                               0x08001269   Thumb Code   102  stm32f10x_tim.o(i.TI2_Config)
    i.TIM1_UP_IRQHandler                     0x080012e4   Section        0  srf04.o(i.TIM1_UP_IRQHandler)
    i.TIM_ARRPreloadConfig                   0x08001344   Section        0  stm32f10x_tim.o(i.TIM_ARRPreloadConfig)
    i.TIM_ClearITPendingBit                  0x08001358   Section        0  stm32f10x_tim.o(i.TIM_ClearITPendingBit)
    i.TIM_Cmd                                0x0800135e   Section        0  stm32f10x_tim.o(i.TIM_Cmd)
    i.TIM_CtrlPWMOutputs                     0x08001372   Section        0  stm32f10x_tim.o(i.TIM_CtrlPWMOutputs)
    i.TIM_EncoderInterfaceConfig             0x08001388   Section        0  stm32f10x_tim.o(i.TIM_EncoderInterfaceConfig)
    i.TIM_GetCapture1                        0x080013ba   Section        0  stm32f10x_tim.o(i.TIM_GetCapture1)
    i.TIM_GetCapture2                        0x080013be   Section        0  stm32f10x_tim.o(i.TIM_GetCapture2)
    i.TIM_GetCounter                         0x080013c2   Section        0  stm32f10x_tim.o(i.TIM_GetCounter)
    i.TIM_GetITStatus                        0x080013c6   Section        0  stm32f10x_tim.o(i.TIM_GetITStatus)
    i.TIM_ITConfig                           0x080013de   Section        0  stm32f10x_tim.o(i.TIM_ITConfig)
    i.TIM_OC3Init                            0x080013f0   Section        0  stm32f10x_tim.o(i.TIM_OC3Init)
    i.TIM_OC3PreloadConfig                   0x0800146c   Section        0  stm32f10x_tim.o(i.TIM_OC3PreloadConfig)
    i.TIM_OC4Init                            0x08001478   Section        0  stm32f10x_tim.o(i.TIM_OC4Init)
    i.TIM_OC4PreloadConfig                   0x080014dc   Section        0  stm32f10x_tim.o(i.TIM_OC4PreloadConfig)
    i.TIM_OCStructInit                       0x080014f0   Section        0  stm32f10x_tim.o(i.TIM_OCStructInit)
    i.TIM_PWMIConfig                         0x08001504   Section        0  stm32f10x_tim.o(i.TIM_PWMIConfig)
    i.TIM_ResetCounter                       0x08001570   Section        0  tim.o(i.TIM_ResetCounter)
    i.TIM_SelectInputTrigger                 0x08001576   Section        0  stm32f10x_tim.o(i.TIM_SelectInputTrigger)
    i.TIM_SelectMasterSlaveMode              0x08001582   Section        0  stm32f10x_tim.o(i.TIM_SelectMasterSlaveMode)
    i.TIM_SetIC1Prescaler                    0x08001592   Section        0  stm32f10x_tim.o(i.TIM_SetIC1Prescaler)
    i.TIM_SetIC2Prescaler                    0x080015a2   Section        0  stm32f10x_tim.o(i.TIM_SetIC2Prescaler)
    i.TIM_TimeBaseInit                       0x080015bc   Section        0  stm32f10x_tim.o(i.TIM_TimeBaseInit)
    i.TimingDelay_Crement                    0x08001658   Section        0  systick.o(i.TimingDelay_Crement)
    i.USART1_IRQHandler                      0x08001680   Section        0  comm.o(i.USART1_IRQHandler)
    i.USART_ClearITPendingBit                0x080016b8   Section        0  stm32f10x_usart.o(i.USART_ClearITPendingBit)
    i.USART_Cmd                              0x080016c4   Section        0  stm32f10x_usart.o(i.USART_Cmd)
    i.USART_GetFlagStatus                    0x080016d8   Section        0  stm32f10x_usart.o(i.USART_GetFlagStatus)
    i.USART_GetITStatus                      0x080016e6   Section        0  stm32f10x_usart.o(i.USART_GetITStatus)
    i.USART_ITConfig                         0x08001724   Section        0  stm32f10x_usart.o(i.USART_ITConfig)
    i.USART_Init                             0x08001754   Section        0  stm32f10x_usart.o(i.USART_Init)
    i.USART_ReceiveData                      0x08001800   Section        0  stm32f10x_usart.o(i.USART_ReceiveData)
    i.USART_SendArray                        0x08001808   Section        0  usart.o(i.USART_SendArray)
    i.USART_SendByte                         0x08001828   Section        0  usart.o(i.USART_SendByte)
    i.USART_SendData                         0x08001846   Section        0  stm32f10x_usart.o(i.USART_SendData)
    i.UsageFault_Handler                     0x0800184e   Section        0  stm32f10x_it.o(i.UsageFault_Handler)
    i.adxl345_get_id                         0x08001850   Section        0  adxl345.o(i.adxl345_get_id)
    i.adxl345_parse                          0x08001858   Section        0  adxl345.o(i.adxl345_parse)
    i.clear_flag_adxl345_init                0x080018e8   Section        0  adxl345.o(i.clear_flag_adxl345_init)
    i.clear_fmc_led                          0x08001900   Section        0  led.o(i.clear_fmc_led)
    i.cmdLed                                 0x0800190c   Section        0  led.o(i.cmdLed)
    i.comm_init                              0x0800194c   Section        0  comm.o(i.comm_init)
    i.comm_parse                             0x08001984   Section        0  comm.o(i.comm_parse)
    i.computeEncoder                         0x08001a14   Section        0  motor.o(i.computeEncoder)
    i.driverResponseFaulClear                0x08001a50   Section        0  comm.o(i.driverResponseFaulClear)
    i.driverResponseIMU                      0x08001aa4   Section        0  comm.o(i.driverResponseIMU)
    i.driverResponsePID                      0x08001b20   Section        0  comm.o(i.driverResponsePID)
    i.driverResponseSonarEnc                 0x08001bc4   Section        0  comm.o(i.driverResponseSonarEnc)
    i.driverResponseSttDriver1               0x08001c3c   Section        0  comm.o(i.driverResponseSttDriver1)
    i.driverResponseSttDriver2               0x08001cbc   Section        0  comm.o(i.driverResponseSttDriver2)
    i.getDir                                 0x08001d40   Section        0  motor.o(i.getDir)
    i.getDistance                            0x08001d58   Section        0  srf04.o(i.getDistance)
    i.getEncoder                             0x08001d64   Section        0  motor.o(i.getEncoder)
    i.getParamPID                            0x08001d78   Section        0  motor.o(i.getParamPID)
    i.getSpeedRPM                            0x08001e0c   Section        0  motor.o(i.getSpeedRPM)
    i.getStatus                              0x08001e30   Section        0  motor.o(i.getStatus)
    i.getStatusIN                            0x08001e48   Section        0  motor.o(i.getStatusIN)
    i.getSttDriver                           0x08001e84   Section        0  motor.o(i.getSttDriver)
    i.getTimeSonar                           0x08001ee4   Section        0  srf04.o(i.getTimeSonar)
    i.get_acceleration_rawX                  0x08001ef0   Section        0  adxl345.o(i.get_acceleration_rawX)
    i.get_acceleration_rawY                  0x08001f0c   Section        0  adxl345.o(i.get_acceleration_rawY)
    i.get_acceleration_rawZ                  0x08001f28   Section        0  adxl345.o(i.get_acceleration_rawZ)
    i.get_sst_adxl345_init                   0x08001f44   Section        0  adxl345.o(i.get_sst_adxl345_init)
    i.i2c1_init                              0x08001f50   Section        0  adxl345.o(i.i2c1_init)
    i.i2c_address_direction                  0x08001fcc   Section        0  adxl345.o(i.i2c_address_direction)
    i.i2c_receive_nack                       0x08002068   Section        0  adxl345.o(i.i2c_receive_nack)
    i.i2c_start                              0x080020d0   Section        0  adxl345.o(i.i2c_start)
    i.i2c_stop                               0x08002154   Section        0  adxl345.o(i.i2c_stop)
    i.i2c_transmit                           0x080021b0   Section        0  adxl345.o(i.i2c_transmit)
    i.led_init                               0x08002210   Section        0  led.o(i.led_init)
    i.main                                   0x08002244   Section        0  main.o(i.main)
    i.map                                    0x0800226e   Section        0  mylib.o(i.map)
    i.millis                                 0x080022a0   Section        0  systick.o(i.millis)
    i.motor_init                             0x080022ac   Section        0  motor.o(i.motor_init)
    i.parse_sms                              0x08002354   Section        0  comm.o(i.parse_sms)
    i.ping_obstacle                          0x0800243c   Section        0  srf04.o(i.ping_obstacle)
    i.process_motorPID                       0x080024a4   Section        0  motor.o(i.process_motorPID)
    i.read_i2c                               0x080024e8   Section        0  adxl345.o(i.read_i2c)
    i.resetEncoder                           0x08002520   Section        0  motor.o(i.resetEncoder)
    i.ringbuf_elements                       0x08002534   Section        0  ringbuf.o(i.ringbuf_elements)
    i.ringbuf_get                            0x08002540   Section        0  ringbuf.o(i.ringbuf_get)
    i.ringbuf_init                           0x08002560   Section        0  ringbuf.o(i.ringbuf_init)
    i.ringbuf_put                            0x0800256e   Section        0  ringbuf.o(i.ringbuf_put)
    i.runPWM                                 0x08002594   Section        0  motor.o(i.runPWM)
    i.runtimeDriver                          0x080025cc   Section        0  motor.o(i.runtimeDriver)
    i.setDir                                 0x080026b0   Section        0  motor.o(i.setDir)
    i.setRunTime                             0x080026f4   Section        0  motor.o(i.setRunTime)
    i.setSpeed                               0x0800270c   Section        0  motor.o(i.setSpeed)
    setSpeed                                 0x0800270d   Thumb Code    38  motor.o(i.setSpeed)
    i.setSpeedRPM                            0x08002738   Section        0  motor.o(i.setSpeedRPM)
    i.setStatus                              0x0800273c   Section        0  motor.o(i.setStatus)
    i.setStatusM1                            0x08002770   Section        0  motor.o(i.setStatusM1)
    setStatusM1                              0x08002771   Thumb Code    46  motor.o(i.setStatusM1)
    i.setStatusM2                            0x080027a4   Section        0  motor.o(i.setStatusM2)
    setStatusM2                              0x080027a5   Thumb Code    46  motor.o(i.setStatusM2)
    i.set_fmc_led                            0x080027d8   Section        0  led.o(i.set_fmc_led)
    i.set_power_mode                         0x080027e4   Section        0  adxl345.o(i.set_power_mode)
    i.setupDriver1                           0x08002814   Section        0  motor.o(i.setupDriver1)
    i.setupDriver2                           0x08002848   Section        0  motor.o(i.setupDriver2)
    i.setupPID                               0x0800289c   Section        0  motor.o(i.setupPID)
    i.setupPIDLeft                           0x080028b0   Section        0  motor.o(i.setupPIDLeft)
    i.setupPIDRight                          0x08002908   Section        0  motor.o(i.setupPIDRight)
    i.sonar_srf04_init                       0x08002960   Section        0  srf04.o(i.sonar_srf04_init)
    i.tim_init                               0x080029ac   Section        0  tim.o(i.tim_init)
    i.timersonar_init                        0x08002a48   Section        0  srf04.o(i.timersonar_init)
    timersonar_init                          0x08002a49   Thumb Code   214  srf04.o(i.timersonar_init)
    i.turnLed                                0x08002b24   Section        0  led.o(i.turnLed)
    i.write_i2c                              0x08002b38   Section        0  adxl345.o(i.write_i2c)
    x$fpl$d2f                                0x08002b64   Section       98  d2f.o(x$fpl$d2f)
    x$fpl$dadd                               0x08002bc8   Section      336  daddsub_clz.o(x$fpl$dadd)
    _dadd1                                   0x08002bd9   Thumb Code     0  daddsub_clz.o(x$fpl$dadd)
    x$fpl$dcmpinf                            0x08002d18   Section       24  dcmpi.o(x$fpl$dcmpinf)
    x$fpl$ddiv                               0x08002d30   Section      688  ddiv.o(x$fpl$ddiv)
    ddiv_entry                               0x08002d37   Thumb Code     0  ddiv.o(x$fpl$ddiv)
    x$fpl$deqf                               0x08002fe0   Section      120  deqf.o(x$fpl$deqf)
    x$fpl$dfix                               0x08003058   Section       94  dfix.o(x$fpl$dfix)
    x$fpl$dfixu                              0x080030b8   Section       90  dfixu.o(x$fpl$dfixu)
    x$fpl$dflt                               0x08003112   Section       46  dflt_clz.o(x$fpl$dflt)
    x$fpl$dfltu                              0x08003140   Section       38  dflt_clz.o(x$fpl$dfltu)
    x$fpl$dleqf                              0x08003168   Section      120  dleqf.o(x$fpl$dleqf)
    x$fpl$dmul                               0x080031e0   Section      340  dmul.o(x$fpl$dmul)
    x$fpl$dnaninf                            0x08003334   Section      156  dnaninf.o(x$fpl$dnaninf)
    x$fpl$dretinf                            0x080033d0   Section       12  dretinf.o(x$fpl$dretinf)
    x$fpl$drleqf                             0x080033dc   Section      108  drleqf.o(x$fpl$drleqf)
    x$fpl$dsub                               0x08003448   Section      468  daddsub_clz.o(x$fpl$dsub)
    _dsub1                                   0x08003459   Thumb Code     0  daddsub_clz.o(x$fpl$dsub)
    x$fpl$f2d                                0x0800361c   Section       86  f2d.o(x$fpl$f2d)
    x$fpl$fdiv                               0x08003674   Section      388  fdiv.o(x$fpl$fdiv)
    _fdiv1                                   0x08003675   Thumb Code     0  fdiv.o(x$fpl$fdiv)
    x$fpl$ffix                               0x080037f8   Section       54  ffix.o(x$fpl$ffix)
    x$fpl$fflt                               0x08003830   Section       48  fflt_clz.o(x$fpl$fflt)
    x$fpl$ffltu                              0x08003860   Section       38  fflt_clz.o(x$fpl$ffltu)
    x$fpl$fnaninf                            0x08003886   Section      140  fnaninf.o(x$fpl$fnaninf)
    x$fpl$fretinf                            0x08003912   Section       10  fretinf.o(x$fpl$fretinf)
    x$fpl$usenofp                            0x0800391c   Section        0  usenofp.o(x$fpl$usenofp)
    .data                                    0x20000000   Section        8  systick.o(.data)
    TimingDelay                              0x20000000   Data           8  systick.o(.data)
    .data                                    0x20000008   Section        1  led.o(.data)
    .data                                    0x2000000c   Section        8  adxl345.o(.data)
    timedly                                  0x20000010   Data           4  adxl345.o(.data)
    .data                                    0x20000014   Section       12  srf04.o(.data)
    timedly                                  0x2000001c   Data           4  srf04.o(.data)
    .data                                    0x20000020   Section       24  motor.o(.data)
    dlyTick                                  0x20000030   Data           8  motor.o(.data)
    .data                                    0x20000038   Section       24  comm.o(.data)
    len                                      0x20000038   Data           1  comm.o(.data)
    flagStart                                0x20000039   Data           1  comm.o(.data)
    timDly                                   0x20000048   Data           8  comm.o(.data)
    .data                                    0x20000050   Section       20  stm32f10x_rcc.o(.data)
    ADCPrescTable                            0x20000050   Data           4  stm32f10x_rcc.o(.data)
    APBAHBPrescTable                         0x20000054   Data          16  stm32f10x_rcc.o(.data)
    .data                                    0x20000064   Section       20  system_stm32f10x.o(.data)
    .bss                                     0x20000078   Section      304  motor.o(.bss)
    .bss                                     0x200001a8   Section       12  comm.o(.bss)
    .bss                                     0x200001b4   Section       96  libspace.o(.bss)
    HEAP                                     0x20000218   Section      512  startup_stm32f10x_md.o(HEAP)
    Heap_Mem                                 0x20000218   Data         512  startup_stm32f10x_md.o(HEAP)
    STACK                                    0x20000418   Section     1024  startup_stm32f10x_md.o(STACK)
    Stack_Mem                                0x20000418   Data        1024  startup_stm32f10x_md.o(STACK)
    __initial_sp                             0x20000818   Data           0  startup_stm32f10x_md.o(STACK)

    Global Symbols

    Symbol Name                              Value     Ov Type        Size  Object(Section)

    BuildAttributes$$THM_ISAv4$P$D$K$B$S$PE$A:L22UL41UL21$X:L11$S22US41US21$IEEE1$IW$USESV6$~STKCKD$USESV7$~SHL$OTIME$ROPI$IEEEX$EBA8$UX$STANDARDLIB$REQ8$PRES8$EABIv2 0x00000000   Number         0  anon$$obj.o ABSOLUTE
    __ARM_use_no_argv                        0x00000000   Number         0  main.o ABSOLUTE
    __ARM_exceptions_init                     - Undefined Weak Reference
    __alloca_initialize                       - Undefined Weak Reference
    __arm_preinit_                            - Undefined Weak Reference
    __cpp_initialize__aeabi_                  - Undefined Weak Reference
    __cxa_finalize                            - Undefined Weak Reference
    __rt_locale                               - Undefined Weak Reference
    __sigvec_lookup                           - Undefined Weak Reference
    __user_heap_extent                        - Undefined Weak Reference
    _atexit_init                              - Undefined Weak Reference
    _call_atexit_fns                          - Undefined Weak Reference
    _clock_init                               - Undefined Weak Reference
    _fp_trap_init                             - Undefined Weak Reference
    _fp_trap_shutdown                         - Undefined Weak Reference
    _get_lc_collate                           - Undefined Weak Reference
    _get_lc_ctype                             - Undefined Weak Reference
    _get_lc_monetary                          - Undefined Weak Reference
    _get_lc_numeric                           - Undefined Weak Reference
    _get_lc_time                              - Undefined Weak Reference
    _getenv_init                              - Undefined Weak Reference
    _handle_redirection                       - Undefined Weak Reference
    _initio                                   - Undefined Weak Reference
    _mutex_acquire                            - Undefined Weak Reference
    _mutex_free                               - Undefined Weak Reference
    _mutex_release                            - Undefined Weak Reference
    _rand_init                                - Undefined Weak Reference
    _signal_finish                            - Undefined Weak Reference
    _signal_init                              - Undefined Weak Reference
    _terminateio                              - Undefined Weak Reference
    __Vectors_Size                           0x000000ec   Number         0  startup_stm32f10x_md.o ABSOLUTE
    __Vectors                                0x08000000   Data           4  startup_stm32f10x_md.o(RESET)
    __Vectors_End                            0x080000ec   Data           0  startup_stm32f10x_md.o(RESET)
    __main                                   0x080000ed   Thumb Code     8  __main.o(!!!main)
    __scatterload                            0x080000f5   Thumb Code     0  __scatter.o(!!!scatter)
    __scatterload_rt2                        0x080000f5   Thumb Code    44  __scatter.o(!!!scatter)
    __scatterload_rt2_thumb_only             0x080000f5   Thumb Code     0  __scatter.o(!!!scatter)
    __scatterload_null                       0x08000103   Thumb Code     0  __scatter.o(!!!scatter)
    __scatterload_copy                       0x08000129   Thumb Code    26  __scatter_copy.o(!!handler_copy)
    __scatterload_zeroinit                   0x08000145   Thumb Code    28  __scatter_zi.o(!!handler_zi)
    __rt_lib_init                            0x08000161   Thumb Code     0  libinit.o(.ARM.Collect$$libinit$$00000000)
    __rt_lib_init_fp_1                       0x08000163   Thumb Code     0  libinit2.o(.ARM.Collect$$libinit$$00000002)
    __rt_lib_init_heap_2                     0x08000163   Thumb Code     0  libinit2.o(.ARM.Collect$$libinit$$00000005)
    __rt_lib_init_preinit_1                  0x08000163   Thumb Code     0  libinit2.o(.ARM.Collect$$libinit$$00000004)
    __rt_lib_init_alloca_1                   0x0800016b   Thumb Code     0  libinit2.o(.ARM.Collect$$libinit$$0000002E)
    __rt_lib_init_argv_1                     0x0800016b   Thumb Code     0  libinit2.o(.ARM.Collect$$libinit$$0000002C)
    __rt_lib_init_atexit_1                   0x0800016b   Thumb Code     0  libinit2.o(.ARM.Collect$$libinit$$0000001B)
    __rt_lib_init_clock_1                    0x0800016b   Thumb Code     0  libinit2.o(.ARM.Collect$$libinit$$00000021)
    __rt_lib_init_cpp_1                      0x0800016b   Thumb Code     0  libinit2.o(.ARM.Collect$$libinit$$00000032)
    __rt_lib_init_exceptions_1               0x0800016b   Thumb Code     0  libinit2.o(.ARM.Collect$$libinit$$00000030)
    __rt_lib_init_fp_trap_1                  0x0800016b   Thumb Code     0  libinit2.o(.ARM.Collect$$libinit$$0000001F)
    __rt_lib_init_getenv_1                   0x0800016b   Thumb Code     0  libinit2.o(.ARM.Collect$$libinit$$00000023)
    __rt_lib_init_heap_1                     0x0800016b   Thumb Code     0  libinit2.o(.ARM.Collect$$libinit$$0000000A)
    __rt_lib_init_lc_collate_1               0x0800016b   Thumb Code     0  libinit2.o(.ARM.Collect$$libinit$$00000011)
    __rt_lib_init_lc_ctype_1                 0x0800016b   Thumb Code     0  libinit2.o(.ARM.Collect$$libinit$$00000013)
    __rt_lib_init_lc_monetary_1              0x0800016b   Thumb Code     0  libinit2.o(.ARM.Collect$$libinit$$00000015)
    __rt_lib_init_lc_numeric_1               0x0800016b   Thumb Code     0  libinit2.o(.ARM.Collect$$libinit$$00000017)
    __rt_lib_init_lc_time_1                  0x0800016b   Thumb Code     0  libinit2.o(.ARM.Collect$$libinit$$00000019)
    __rt_lib_init_rand_1                     0x0800016b   Thumb Code     0  libinit2.o(.ARM.Collect$$libinit$$0000000E)
    __rt_lib_init_return                     0x0800016b   Thumb Code     0  libinit2.o(.ARM.Collect$$libinit$$00000033)
    __rt_lib_init_signal_1                   0x0800016b   Thumb Code     0  libinit2.o(.ARM.Collect$$libinit$$0000001D)
    __rt_lib_init_stdio_1                    0x0800016b   Thumb Code     0  libinit2.o(.ARM.Collect$$libinit$$00000025)
    __rt_lib_init_user_alloc_1               0x0800016b   Thumb Code     0  libinit2.o(.ARM.Collect$$libinit$$0000000C)
    __rt_lib_shutdown                        0x0800016d   Thumb Code     0  libshutdown.o(.ARM.Collect$$libshutdown$$00000000)
    __rt_lib_shutdown_cpp_1                  0x0800016f   Thumb Code     0  libshutdown2.o(.ARM.Collect$$libshutdown$$00000002)
    __rt_lib_shutdown_fp_trap_1              0x0800016f   Thumb Code     0  libshutdown2.o(.ARM.Collect$$libshutdown$$00000007)
    __rt_lib_shutdown_heap_1                 0x0800016f   Thumb Code     0  libshutdown2.o(.ARM.Collect$$libshutdown$$0000000F)
    __rt_lib_shutdown_return                 0x0800016f   Thumb Code     0  libshutdown2.o(.ARM.Collect$$libshutdown$$00000010)
    __rt_lib_shutdown_signal_1               0x0800016f   Thumb Code     0  libshutdown2.o(.ARM.Collect$$libshutdown$$0000000A)
    __rt_lib_shutdown_stdio_1                0x0800016f   Thumb Code     0  libshutdown2.o(.ARM.Collect$$libshutdown$$00000004)
    __rt_lib_shutdown_user_alloc_1           0x0800016f   Thumb Code     0  libshutdown2.o(.ARM.Collect$$libshutdown$$0000000C)
    __rt_entry                               0x08000171   Thumb Code     0  __rtentry.o(.ARM.Collect$$rtentry$$00000000)
    __rt_entry_presh_1                       0x08000171   Thumb Code     0  __rtentry2.o(.ARM.Collect$$rtentry$$00000002)
    __rt_entry_sh                            0x08000171   Thumb Code     0  __rtentry4.o(.ARM.Collect$$rtentry$$00000004)
    __rt_entry_li                            0x08000177   Thumb Code     0  __rtentry2.o(.ARM.Collect$$rtentry$$0000000A)
    __rt_entry_postsh_1                      0x08000177   Thumb Code     0  __rtentry2.o(.ARM.Collect$$rtentry$$00000009)
    __rt_entry_main                          0x0800017b   Thumb Code     0  __rtentry2.o(.ARM.Collect$$rtentry$$0000000D)
    __rt_entry_postli_1                      0x0800017b   Thumb Code     0  __rtentry2.o(.ARM.Collect$$rtentry$$0000000C)
    __rt_exit                                0x08000183   Thumb Code     0  rtexit.o(.ARM.Collect$$rtexit$$00000000)
    __rt_exit_ls                             0x08000185   Thumb Code     0  rtexit2.o(.ARM.Collect$$rtexit$$00000003)
    __rt_exit_prels_1                        0x08000185   Thumb Code     0  rtexit2.o(.ARM.Collect$$rtexit$$00000002)
    __rt_exit_exit                           0x08000189   Thumb Code     0  rtexit2.o(.ARM.Collect$$rtexit$$00000004)
    Reset_Handler                            0x08000191   Thumb Code     8  startup_stm32f10x_md.o(.text)
    _maybe_terminate_alloc                   0x08000191   Thumb Code     0  maybetermalloc1.o(.emb_text)
    ADC1_2_IRQHandler                        0x080001ab   Thumb Code     0  startup_stm32f10x_md.o(.text)
    CAN1_RX1_IRQHandler                      0x080001ab   Thumb Code     0  startup_stm32f10x_md.o(.text)
    CAN1_SCE_IRQHandler                      0x080001ab   Thumb Code     0  startup_stm32f10x_md.o(.text)
    DMA1_Channel1_IRQHandler                 0x080001ab   Thumb Code     0  startup_stm32f10x_md.o(.text)
    DMA1_Channel2_IRQHandler                 0x080001ab   Thumb Code     0  startup_stm32f10x_md.o(.text)
    DMA1_Channel3_IRQHandler                 0x080001ab   Thumb Code     0  startup_stm32f10x_md.o(.text)
    DMA1_Channel4_IRQHandler                 0x080001ab   Thumb Code     0  startup_stm32f10x_md.o(.text)
    DMA1_Channel5_IRQHandler                 0x080001ab   Thumb Code     0  startup_stm32f10x_md.o(.text)
    DMA1_Channel6_IRQHandler                 0x080001ab   Thumb Code     0  startup_stm32f10x_md.o(.text)
    DMA1_Channel7_IRQHandler                 0x080001ab   Thumb Code     0  startup_stm32f10x_md.o(.text)
    EXTI0_IRQHandler                         0x080001ab   Thumb Code     0  startup_stm32f10x_md.o(.text)
    EXTI15_10_IRQHandler                     0x080001ab   Thumb Code     0  startup_stm32f10x_md.o(.text)
    EXTI1_IRQHandler                         0x080001ab   Thumb Code     0  startup_stm32f10x_md.o(.text)
    EXTI2_IRQHandler                         0x080001ab   Thumb Code     0  startup_stm32f10x_md.o(.text)
    EXTI3_IRQHandler                         0x080001ab   Thumb Code     0  startup_stm32f10x_md.o(.text)
    EXTI4_IRQHandler                         0x080001ab   Thumb Code     0  startup_stm32f10x_md.o(.text)
    EXTI9_5_IRQHandler                       0x080001ab   Thumb Code     0  startup_stm32f10x_md.o(.text)
    FLASH_IRQHandler                         0x080001ab   Thumb Code     0  startup_stm32f10x_md.o(.text)
    I2C1_ER_IRQHandler                       0x080001ab   Thumb Code     0  startup_stm32f10x_md.o(.text)
    I2C1_EV_IRQHandler                       0x080001ab   Thumb Code     0  startup_stm32f10x_md.o(.text)
    I2C2_ER_IRQHandler                       0x080001ab   Thumb Code     0  startup_stm32f10x_md.o(.text)
    I2C2_EV_IRQHandler                       0x080001ab   Thumb Code     0  startup_stm32f10x_md.o(.text)
    PVD_IRQHandler                           0x080001ab   Thumb Code     0  startup_stm32f10x_md.o(.text)
    RCC_IRQHandler                           0x080001ab   Thumb Code     0  startup_stm32f10x_md.o(.text)
    RTCAlarm_IRQHandler                      0x080001ab   Thumb Code     0  startup_stm32f10x_md.o(.text)
    RTC_IRQHandler                           0x080001ab   Thumb Code     0  startup_stm32f10x_md.o(.text)
    SPI1_IRQHandler                          0x080001ab   Thumb Code     0  startup_stm32f10x_md.o(.text)
    SPI2_IRQHandler                          0x080001ab   Thumb Code     0  startup_stm32f10x_md.o(.text)
    TAMPER_IRQHandler                        0x080001ab   Thumb Code     0  startup_stm32f10x_md.o(.text)
    TIM1_BRK_IRQHandler                      0x080001ab   Thumb Code     0  startup_stm32f10x_md.o(.text)
    TIM1_CC_IRQHandler                       0x080001ab   Thumb Code     0  startup_stm32f10x_md.o(.text)
    TIM1_TRG_COM_IRQHandler                  0x080001ab   Thumb Code     0  startup_stm32f10x_md.o(.text)
    TIM2_IRQHandler                          0x080001ab   Thumb Code     0  startup_stm32f10x_md.o(.text)
    TIM3_IRQHandler                          0x080001ab   Thumb Code     0  startup_stm32f10x_md.o(.text)
    TIM4_IRQHandler                          0x080001ab   Thumb Code     0  startup_stm32f10x_md.o(.text)
    USART2_IRQHandler                        0x080001ab   Thumb Code     0  startup_stm32f10x_md.o(.text)
    USART3_IRQHandler                        0x080001ab   Thumb Code     0  startup_stm32f10x_md.o(.text)
    USBWakeUp_IRQHandler                     0x080001ab   Thumb Code     0  startup_stm32f10x_md.o(.text)
    USB_HP_CAN1_TX_IRQHandler                0x080001ab   Thumb Code     0  startup_stm32f10x_md.o(.text)
    USB_LP_CAN1_RX0_IRQHandler               0x080001ab   Thumb Code     0  startup_stm32f10x_md.o(.text)
    WWDG_IRQHandler                          0x080001ab   Thumb Code     0  startup_stm32f10x_md.o(.text)
    __user_initial_stackheap                 0x080001ad   Thumb Code     0  startup_stm32f10x_md.o(.text)
    malloc                                   0x080001d1   Thumb Code    94  h1_alloc.o(.text)
    free                                     0x0800022f   Thumb Code    78  h1_free.o(.text)
    __aeabi_memmove                          0x0800027d   Thumb Code     0  rt_memmove_v6.o(.text)
    __rt_memmove                             0x0800027d   Thumb Code   132  rt_memmove_v6.o(.text)
    __memmove_lastfew                        0x080002dd   Thumb Code     0  rt_memmove_v6.o(.text)
    __use_two_region_memory                  0x08000301   Thumb Code     2  heapauxi.o(.text)
    __rt_heap_escrow                         0x08000303   Thumb Code     2  heapauxi.o(.text)
    __rt_heap_expand                         0x08000305   Thumb Code     2  heapauxi.o(.text)
    __rt_heap_descriptor                     0x08000309   Thumb Code     8  rt_heap_descriptor_intlibspace.o(.text)
    __use_no_heap                            0x08000311   Thumb Code     2  hguard.o(.text)
    __heap$guard                             0x08000313   Thumb Code     2  hguard.o(.text)
    _terminate_user_alloc                    0x08000315   Thumb Code     2  init_alloc.o(.text)
    _init_user_alloc                         0x08000317   Thumb Code     2  init_alloc.o(.text)
    __Heap_Full                              0x08000319   Thumb Code    34  init_alloc.o(.text)
    __Heap_Broken                            0x0800033b   Thumb Code     6  init_alloc.o(.text)
    _init_alloc                              0x08000341   Thumb Code    94  init_alloc.o(.text)
    __Heap_Initialize                        0x0800039f   Thumb Code    10  h1_init.o(.text)
    __Heap_DescSize                          0x080003a9   Thumb Code     4  h1_init.o(.text)
    __aeabi_memcpy                           0x080003ad   Thumb Code     0  rt_memcpy_v6.o(.text)
    __rt_memcpy                              0x080003ad   Thumb Code   138  rt_memcpy_v6.o(.text)
    _memcpy_lastbytes                        0x08000413   Thumb Code     0  rt_memcpy_v6.o(.text)
    __aeabi_memcpy4                          0x08000437   Thumb Code     0  rt_memcpy_w.o(.text)
    __aeabi_memcpy8                          0x08000437   Thumb Code     0  rt_memcpy_w.o(.text)
    __rt_memcpy_w                            0x08000437   Thumb Code   100  rt_memcpy_w.o(.text)
    _memcpy_lastbytes_aligned                0x0800047f   Thumb Code     0  rt_memcpy_w.o(.text)
    __aeabi_memmove4                         0x0800049b   Thumb Code     0  rt_memmove_w.o(.text)
    __aeabi_memmove8                         0x0800049b   Thumb Code     0  rt_memmove_w.o(.text)
    __rt_memmove_w                           0x0800049b   Thumb Code   122  rt_memmove_w.o(.text)
    __memmove_aligned                        0x080004c1   Thumb Code     0  rt_memmove_w.o(.text)
    __memmove_lastfew_aligned                0x080004f9   Thumb Code     0  rt_memmove_w.o(.text)
    __user_libspace                          0x08000515   Thumb Code     8  libspace.o(.text)
    __user_perproc_libspace                  0x08000515   Thumb Code     0  libspace.o(.text)
    __user_perthread_libspace                0x08000515   Thumb Code     0  libspace.o(.text)
    __Heap_ProvideMemory                     0x0800051d   Thumb Code    52  h1_extend.o(.text)
    __rt_SIGRTMEM                            0x08000551   Thumb Code    14  defsig_rtmem_outer.o(.text)
    __I$use$semihosting                      0x0800055f   Thumb Code     0  use_no_semi.o(.text)
    __use_no_semihosting_swi                 0x0800055f   Thumb Code     2  use_no_semi.o(.text)
    __semihosting_library_function           0x08000561   Thumb Code     0  indicate_semi.o(.text)
    __user_setup_stackheap                   0x08000561   Thumb Code    74  sys_stackheap_outer.o(.text)
    exit                                     0x080005ab   Thumb Code    18  exit.o(.text)
    __sig_exit                               0x080005bd   Thumb Code    10  defsig_exit.o(.text)
    __rt_SIGRTMEM_inner                      0x080005c9   Thumb Code    22  defsig_rtmem_inner.o(.text)
    _sys_exit                                0x08000619   Thumb Code     8  sys_exit.o(.text)
    __default_signal_display                 0x08000625   Thumb Code    50  defsig_general.o(.text)
    _ttywrch                                 0x08000657   Thumb Code    14  sys_wrch.o(.text)
    BusFault_Handler                         0x08000665   Thumb Code     2  stm32f10x_it.o(i.BusFault_Handler)
    CRC_Verify                               0x08000667   Thumb Code    48  comm.o(i.CRC_Verify)
    DebugMon_Handler                         0x08000697   Thumb Code     2  stm32f10x_it.o(i.DebugMon_Handler)
    GPIO_Init                                0x08000699   Thumb Code   162  stm32f10x_gpio.o(i.GPIO_Init)
    HardFault_Handler                        0x0800073b   Thumb Code     2  stm32f10x_it.o(i.HardFault_Handler)
    I2C_AcknowledgeConfig                    0x0800073d   Thumb Code    20  stm32f10x_i2c.o(i.I2C_AcknowledgeConfig)
    I2C_CheckEvent                           0x08000751   Thumb Code    24  stm32f10x_i2c.o(i.I2C_CheckEvent)
    I2C_Cmd                                  0x08000769   Thumb Code    20  stm32f10x_i2c.o(i.I2C_Cmd)
    I2C_GenerateSTART                        0x0800077d   Thumb Code    20  stm32f10x_i2c.o(i.I2C_GenerateSTART)
    I2C_GenerateSTOP                         0x08000791   Thumb Code    20  stm32f10x_i2c.o(i.I2C_GenerateSTOP)
    I2C_GetFlagStatus                        0x080007a5   Thumb Code    42  stm32f10x_i2c.o(i.I2C_GetFlagStatus)
    I2C_Init                                 0x080007d1   Thumb Code   178  stm32f10x_i2c.o(i.I2C_Init)
    I2C_ReceiveData                          0x0800088d   Thumb Code     6  stm32f10x_i2c.o(i.I2C_ReceiveData)
    I2C_Send7bitAddress                      0x08000893   Thumb Code    16  stm32f10x_i2c.o(i.I2C_Send7bitAddress)
    I2C_SendData                             0x080008a3   Thumb Code     4  stm32f10x_i2c.o(i.I2C_SendData)
    MemManage_Handler                        0x080008a7   Thumb Code     2  stm32f10x_it.o(i.MemManage_Handler)
    NMI_Handler                              0x080008a9   Thumb Code     2  stm32f10x_it.o(i.NMI_Handler)
    NVIC_Init                                0x080008ad   Thumb Code    94  misc.o(i.NVIC_Init)
    NVIC_PriorityGroupConfig                 0x08000911   Thumb Code    10  misc.o(i.NVIC_PriorityGroupConfig)
    NVIC_SetVectorTable                      0x08000925   Thumb Code    12  misc.o(i.NVIC_SetVectorTable)
    NVIC_USART_Init                          0x08000939   Thumb Code    44  usart.o(i.NVIC_USART_Init)
    PIDEnable                                0x08000965   Thumb Code    14  motor.o(i.PIDEnable)
    PIDRegulate                              0x08000975   Thumb Code   172  motor.o(i.PIDRegulate)
    PIDSetSpeedRMPDesired                    0x08000a29   Thumb Code    20  motor.o(i.PIDSetSpeedRMPDesired)
    PIDSetup                                 0x08000a3d   Thumb Code    96  motor.o(i.PIDSetup)
    PID_Compute                              0x08000a9d   Thumb Code   292  pid_controller.o(i.PID_Compute)
    PID_Initialize                           0x08000bc1   Thumb Code    60  pid_controller.o(i.PID_Initialize)
    PID_Reset                                0x08000bfd   Thumb Code    66  pid_controller.o(i.PID_Reset)
    PID_SetMode                              0x08000c3f   Thumb Code    30  pid_controller.o(i.PID_SetMode)
    PID_SetOutputLimits                      0x08000c5d   Thumb Code   140  pid_controller.o(i.PID_SetOutputLimits)
    PID_SetSampleTime                        0x08000ce9   Thumb Code    88  pid_controller.o(i.PID_SetSampleTime)
    PID_SetTunings                           0x08000d41   Thumb Code   146  pid_controller.o(i.PID_SetTunings)
    PendSV_Handler                           0x08000e65   Thumb Code     2  stm32f10x_it.o(i.PendSV_Handler)
    RCC_APB1PeriphClockCmd                   0x08000e69   Thumb Code    18  stm32f10x_rcc.o(i.RCC_APB1PeriphClockCmd)
    RCC_APB2PeriphClockCmd                   0x08000e81   Thumb Code    18  stm32f10x_rcc.o(i.RCC_APB2PeriphClockCmd)
    RCC_GetClocksFreq                        0x08000e99   Thumb Code   128  stm32f10x_rcc.o(i.RCC_GetClocksFreq)
    SVC_Handler                              0x08000f29   Thumb Code     2  stm32f10x_it.o(i.SVC_Handler)
    Serial_Config                            0x08000f2d   Thumb Code   358  usart.o(i.Serial_Config)
    SysTick_Handler                          0x08001151   Thumb Code     4  stm32f10x_it.o(i.SysTick_Handler)
    SysTick_Init                             0x08001155   Thumb Code    70  systick.o(i.SysTick_Init)
    SystemInit                               0x080011ad   Thumb Code    64  system_stm32f10x.o(i.SystemInit)
    TIM1_UP_IRQHandler                       0x080012e5   Thumb Code    80  srf04.o(i.TIM1_UP_IRQHandler)
    TIM_ARRPreloadConfig                     0x08001345   Thumb Code    20  stm32f10x_tim.o(i.TIM_ARRPreloadConfig)
    TIM_ClearITPendingBit                    0x08001359   Thumb Code     6  stm32f10x_tim.o(i.TIM_ClearITPendingBit)
    TIM_Cmd                                  0x0800135f   Thumb Code    20  stm32f10x_tim.o(i.TIM_Cmd)
    TIM_CtrlPWMOutputs                       0x08001373   Thumb Code    22  stm32f10x_tim.o(i.TIM_CtrlPWMOutputs)
    TIM_EncoderInterfaceConfig               0x08001389   Thumb Code    50  stm32f10x_tim.o(i.TIM_EncoderInterfaceConfig)
    TIM_GetCapture1                          0x080013bb   Thumb Code     4  stm32f10x_tim.o(i.TIM_GetCapture1)
    TIM_GetCapture2                          0x080013bf   Thumb Code     4  stm32f10x_tim.o(i.TIM_GetCapture2)
    TIM_GetCounter                           0x080013c3   Thumb Code     4  stm32f10x_tim.o(i.TIM_GetCounter)
    TIM_GetITStatus                          0x080013c7   Thumb Code    24  stm32f10x_tim.o(i.TIM_GetITStatus)
    TIM_ITConfig                             0x080013df   Thumb Code    16  stm32f10x_tim.o(i.TIM_ITConfig)
    TIM_OC3Init                              0x080013f1   Thumb Code   116  stm32f10x_tim.o(i.TIM_OC3Init)
    TIM_OC3PreloadConfig                     0x0800146d   Thumb Code    12  stm32f10x_tim.o(i.TIM_OC3PreloadConfig)
    TIM_OC4Init                              0x08001479   Thumb Code    90  stm32f10x_tim.o(i.TIM_OC4Init)
    TIM_OC4PreloadConfig                     0x080014dd   Thumb Code    20  stm32f10x_tim.o(i.TIM_OC4PreloadConfig)
    TIM_OCStructInit                         0x080014f1   Thumb Code    20  stm32f10x_tim.o(i.TIM_OCStructInit)
    TIM_PWMIConfig                           0x08001505   Thumb Code   108  stm32f10x_tim.o(i.TIM_PWMIConfig)
    TIM_ResetCounter                         0x08001571   Thumb Code     6  tim.o(i.TIM_ResetCounter)
    TIM_SelectInputTrigger                   0x08001577   Thumb Code    12  stm32f10x_tim.o(i.TIM_SelectInputTrigger)
    TIM_SelectMasterSlaveMode                0x08001583   Thumb Code    16  stm32f10x_tim.o(i.TIM_SelectMasterSlaveMode)
    TIM_SetIC1Prescaler                      0x08001593   Thumb Code    16  stm32f10x_tim.o(i.TIM_SetIC1Prescaler)
    TIM_SetIC2Prescaler                      0x080015a3   Thumb Code    24  stm32f10x_tim.o(i.TIM_SetIC2Prescaler)
    TIM_TimeBaseInit                         0x080015bd   Thumb Code   114  stm32f10x_tim.o(i.TIM_TimeBaseInit)
    TimingDelay_Crement                      0x08001659   Thumb Code    34  systick.o(i.TimingDelay_Crement)
    USART1_IRQHandler                        0x08001681   Thumb Code    48  comm.o(i.USART1_IRQHandler)
    USART_ClearITPendingBit                  0x080016b9   Thumb Code    12  stm32f10x_usart.o(i.USART_ClearITPendingBit)
    USART_Cmd                                0x080016c5   Thumb Code    20  stm32f10x_usart.o(i.USART_Cmd)
    USART_GetFlagStatus                      0x080016d9   Thumb Code    14  stm32f10x_usart.o(i.USART_GetFlagStatus)
    USART_GetITStatus                        0x080016e7   Thumb Code    62  stm32f10x_usart.o(i.USART_GetITStatus)
    USART_ITConfig                           0x08001725   Thumb Code    48  stm32f10x_usart.o(i.USART_ITConfig)
    USART_Init                               0x08001755   Thumb Code   166  stm32f10x_usart.o(i.USART_Init)
    USART_ReceiveData                        0x08001801   Thumb Code     8  stm32f10x_usart.o(i.USART_ReceiveData)
    USART_SendArray                          0x08001809   Thumb Code    32  usart.o(i.USART_SendArray)
    USART_SendByte                           0x08001829   Thumb Code    30  usart.o(i.USART_SendByte)
    USART_SendData                           0x08001847   Thumb Code     8  stm32f10x_usart.o(i.USART_SendData)
    UsageFault_Handler                       0x0800184f   Thumb Code     2  stm32f10x_it.o(i.UsageFault_Handler)
    adxl345_get_id                           0x08001851   Thumb Code     8  adxl345.o(i.adxl345_get_id)
    adxl345_parse                            0x08001859   Thumb Code   140  adxl345.o(i.adxl345_parse)
    clear_flag_adxl345_init                  0x080018e9   Thumb Code    18  adxl345.o(i.clear_flag_adxl345_init)
    clear_fmc_led                            0x08001901   Thumb Code     8  led.o(i.clear_fmc_led)
    cmdLed                                   0x0800190d   Thumb Code    58  led.o(i.cmdLed)
    comm_init                                0x0800194d   Thumb Code    44  comm.o(i.comm_init)
    comm_parse                               0x08001985   Thumb Code   136  comm.o(i.comm_parse)
    computeEncoder                           0x08001a15   Thumb Code    60  motor.o(i.computeEncoder)
    driverResponseFaulClear                  0x08001a51   Thumb Code    80  comm.o(i.driverResponseFaulClear)
    driverResponseIMU                        0x08001aa5   Thumb Code   118  comm.o(i.driverResponseIMU)
    driverResponsePID                        0x08001b21   Thumb Code   158  comm.o(i.driverResponsePID)
    driverResponseSonarEnc                   0x08001bc5   Thumb Code   114  comm.o(i.driverResponseSonarEnc)
    driverResponseSttDriver1                 0x08001c3d   Thumb Code   124  comm.o(i.driverResponseSttDriver1)
    driverResponseSttDriver2                 0x08001cbd   Thumb Code   126  comm.o(i.driverResponseSttDriver2)
    getDir                                   0x08001d41   Thumb Code    20  motor.o(i.getDir)
    getDistance                              0x08001d59   Thumb Code     6  srf04.o(i.getDistance)
    getEncoder                               0x08001d65   Thumb Code    16  motor.o(i.getEncoder)
    getParamPID                              0x08001d79   Thumb Code   138  motor.o(i.getParamPID)
    getSpeedRPM                              0x08001e0d   Thumb Code    32  motor.o(i.getSpeedRPM)
    getStatus                                0x08001e31   Thumb Code    20  motor.o(i.getStatus)
    getStatusIN                              0x08001e49   Thumb Code    54  motor.o(i.getStatusIN)
    getSttDriver                             0x08001e85   Thumb Code    90  motor.o(i.getSttDriver)
    getTimeSonar                             0x08001ee5   Thumb Code     6  srf04.o(i.getTimeSonar)
    get_acceleration_rawX                    0x08001ef1   Thumb Code    28  adxl345.o(i.get_acceleration_rawX)
    get_acceleration_rawY                    0x08001f0d   Thumb Code    28  adxl345.o(i.get_acceleration_rawY)
    get_acceleration_rawZ                    0x08001f29   Thumb Code    28  adxl345.o(i.get_acceleration_rawZ)
    get_sst_adxl345_init                     0x08001f45   Thumb Code     6  adxl345.o(i.get_sst_adxl345_init)
    i2c1_init                                0x08001f51   Thumb Code   112  adxl345.o(i.i2c1_init)
    i2c_address_direction                    0x08001fcd   Thumb Code   140  adxl345.o(i.i2c_address_direction)
    i2c_receive_nack                         0x08002069   Thumb Code    92  adxl345.o(i.i2c_receive_nack)
    i2c_start                                0x080020d1   Thumb Code   120  adxl345.o(i.i2c_start)
    i2c_stop                                 0x08002155   Thumb Code    78  adxl345.o(i.i2c_stop)
    i2c_transmit                             0x080021b1   Thumb Code    82  adxl345.o(i.i2c_transmit)
    led_init                                 0x08002211   Thumb Code    46  led.o(i.led_init)
    main                                     0x08002245   Thumb Code    42  main.o(i.main)
    map                                      0x0800226f   Thumb Code    48  mylib.o(i.map)
    millis                                   0x080022a1   Thumb Code     8  systick.o(i.millis)
    motor_init                               0x080022ad   Thumb Code   154  motor.o(i.motor_init)
    parse_sms                                0x08002355   Thumb Code   228  comm.o(i.parse_sms)
    ping_obstacle                            0x0800243d   Thumb Code    96  srf04.o(i.ping_obstacle)
    process_motorPID                         0x080024a5   Thumb Code    68  motor.o(i.process_motorPID)
    read_i2c                                 0x080024e9   Thumb Code    56  adxl345.o(i.read_i2c)
    resetEncoder                             0x08002521   Thumb Code    16  motor.o(i.resetEncoder)
    ringbuf_elements                         0x08002535   Thumb Code    12  ringbuf.o(i.ringbuf_elements)
    ringbuf_get                              0x08002541   Thumb Code    32  ringbuf.o(i.ringbuf_get)
    ringbuf_init                             0x08002561   Thumb Code    14  ringbuf.o(i.ringbuf_init)
    ringbuf_put                              0x0800256f   Thumb Code    36  ringbuf.o(i.ringbuf_put)
    runPWM                                   0x08002595   Thumb Code    52  motor.o(i.runPWM)
    runtimeDriver                            0x080025cd   Thumb Code   218  motor.o(i.runtimeDriver)
    setDir                                   0x080026b1   Thumb Code    66  motor.o(i.setDir)
    setRunTime                               0x080026f5   Thumb Code    18  motor.o(i.setRunTime)
    setSpeedRPM                              0x08002739   Thumb Code     4  motor.o(i.setSpeedRPM)
    setStatus                                0x0800273d   Thumb Code    50  motor.o(i.setStatus)
    set_fmc_led                              0x080027d9   Thumb Code     8  led.o(i.set_fmc_led)
    set_power_mode                           0x080027e5   Thumb Code    48  adxl345.o(i.set_power_mode)
    setupDriver1                             0x08002815   Thumb Code    50  motor.o(i.setupDriver1)
    setupDriver2                             0x08002849   Thumb Code    80  motor.o(i.setupDriver2)
    setupPID                                 0x0800289d   Thumb Code    18  motor.o(i.setupPID)
    setupPIDLeft                             0x080028b1   Thumb Code    80  motor.o(i.setupPIDLeft)
    setupPIDRight                            0x08002909   Thumb Code    80  motor.o(i.setupPIDRight)
    sonar_srf04_init                         0x08002961   Thumb Code    70  srf04.o(i.sonar_srf04_init)
    tim_init                                 0x080029ad   Thumb Code   144  tim.o(i.tim_init)
    turnLed                                  0x08002b25   Thumb Code    14  led.o(i.turnLed)
    write_i2c                                0x08002b39   Thumb Code    42  adxl345.o(i.write_i2c)
    __aeabi_d2f                              0x08002b65   Thumb Code     0  d2f.o(x$fpl$d2f)
    _d2f                                     0x08002b65   Thumb Code    98  d2f.o(x$fpl$d2f)
    __aeabi_dadd                             0x08002bc9   Thumb Code     0  daddsub_clz.o(x$fpl$dadd)
    _dadd                                    0x08002bc9   Thumb Code   332  daddsub_clz.o(x$fpl$dadd)
    __fpl_dcmp_Inf                           0x08002d19   Thumb Code    24  dcmpi.o(x$fpl$dcmpinf)
    __aeabi_ddiv                             0x08002d31   Thumb Code     0  ddiv.o(x$fpl$ddiv)
    _ddiv                                    0x08002d31   Thumb Code   552  ddiv.o(x$fpl$ddiv)
    __aeabi_cdcmpeq                          0x08002fe1   Thumb Code     0  deqf.o(x$fpl$deqf)
    _dcmpeq                                  0x08002fe1   Thumb Code   120  deqf.o(x$fpl$deqf)
    __aeabi_d2iz                             0x08003059   Thumb Code     0  dfix.o(x$fpl$dfix)
    _dfix                                    0x08003059   Thumb Code    94  dfix.o(x$fpl$dfix)
    __aeabi_d2uiz                            0x080030b9   Thumb Code     0  dfixu.o(x$fpl$dfixu)
    _dfixu                                   0x080030b9   Thumb Code    90  dfixu.o(x$fpl$dfixu)
    __aeabi_i2d                              0x08003113   Thumb Code     0  dflt_clz.o(x$fpl$dflt)
    _dflt                                    0x08003113   Thumb Code    46  dflt_clz.o(x$fpl$dflt)
    __aeabi_ui2d                             0x08003141   Thumb Code     0  dflt_clz.o(x$fpl$dfltu)
    _dfltu                                   0x08003141   Thumb Code    38  dflt_clz.o(x$fpl$dfltu)
    __aeabi_cdcmple                          0x08003169   Thumb Code     0  dleqf.o(x$fpl$dleqf)
    _dcmple                                  0x08003169   Thumb Code   120  dleqf.o(x$fpl$dleqf)
    __fpl_dcmple_InfNaN                      0x080031cb   Thumb Code     0  dleqf.o(x$fpl$dleqf)
    __aeabi_dmul                             0x080031e1   Thumb Code     0  dmul.o(x$fpl$dmul)
    _dmul                                    0x080031e1   Thumb Code   332  dmul.o(x$fpl$dmul)
    __fpl_dnaninf                            0x08003335   Thumb Code   156  dnaninf.o(x$fpl$dnaninf)
    __fpl_dretinf                            0x080033d1   Thumb Code    12  dretinf.o(x$fpl$dretinf)
    __aeabi_cdrcmple                         0x080033dd   Thumb Code     0  drleqf.o(x$fpl$drleqf)
    _drcmple                                 0x080033dd   Thumb Code   108  drleqf.o(x$fpl$drleqf)
    __aeabi_dsub                             0x08003449   Thumb Code     0  daddsub_clz.o(x$fpl$dsub)
    _dsub                                    0x08003449   Thumb Code   464  daddsub_clz.o(x$fpl$dsub)
    __aeabi_f2d                              0x0800361d   Thumb Code     0  f2d.o(x$fpl$f2d)
    _f2d                                     0x0800361d   Thumb Code    86  f2d.o(x$fpl$f2d)
    __aeabi_fdiv                             0x08003675   Thumb Code     0  fdiv.o(x$fpl$fdiv)
    _fdiv                                    0x08003675   Thumb Code   384  fdiv.o(x$fpl$fdiv)
    __aeabi_f2iz                             0x080037f9   Thumb Code     0  ffix.o(x$fpl$ffix)
    _ffix                                    0x080037f9   Thumb Code    54  ffix.o(x$fpl$ffix)
    __aeabi_i2f                              0x08003831   Thumb Code     0  fflt_clz.o(x$fpl$fflt)
    _fflt                                    0x08003831   Thumb Code    48  fflt_clz.o(x$fpl$fflt)
    __aeabi_ui2f                             0x08003861   Thumb Code     0  fflt_clz.o(x$fpl$ffltu)
    _ffltu                                   0x08003861   Thumb Code    38  fflt_clz.o(x$fpl$ffltu)
    __fpl_fnaninf                            0x08003887   Thumb Code   140  fnaninf.o(x$fpl$fnaninf)
    __fpl_fretinf                            0x08003913   Thumb Code    10  fretinf.o(x$fpl$fretinf)
    Region$$Table$$Base                      0x0800391c   Number         0  anon$$obj.o(Region$$Table)
    __I$use$fp                               0x0800391c   Number         0  usenofp.o(x$fpl$usenofp)
    Region$$Table$$Limit                     0x0800393c   Number         0  anon$$obj.o(Region$$Table)
    flag_master_control                      0x20000008   Data           1  led.o(.data)
    flag_check_adxl                          0x2000000c   Data           1  adxl345.o(.data)
    flagADXL345_init                         0x2000000d   Data           1  adxl345.o(.data)
    event_init                               0x2000000e   Data           1  adxl345.o(.data)
    ping_event                               0x20000014   Data           1  srf04.o(.data)
    timer1_uS                                0x20000016   Data           2  srf04.o(.data)
    distance                                 0x20000018   Data           2  srf04.o(.data)
    flagRunTimeDriver                        0x20000020   Data           1  motor.o(.data)
    standby_mode                             0x20000021   Data           1  motor.o(.data)
    runtimeDly                               0x20000028   Data           8  motor.o(.data)
    commbuffer                               0x2000003c   Data           4  comm.o(.data)
    datSMS                                   0x20000040   Data           4  comm.o(.data)
    SystemCoreClock                          0x20000064   Data           4  system_stm32f10x.o(.data)
    AHBPrescTable                            0x20000068   Data          16  system_stm32f10x.o(.data)
    motorRight                               0x20000078   Data         152  motor.o(.bss)
    motorLeft                                0x20000110   Data         152  motor.o(.bss)
    commbuff                                 0x200001a8   Data          12  comm.o(.bss)
    __libspace_start                         0x200001b4   Data          96  libspace.o(.bss)
    __temporary_stack_top$libspace           0x20000214   Data           0  libspace.o(.bss)



==============================================================================

Memory Map of the image

  Image Entry point : 0x080000ed

  Load Region LR_IROM1 (Base: 0x08000000, Size: 0x000039b4, Max: 0x00010000, ABSOLUTE)

    Execution Region ER_IROM1 (Exec base: 0x08000000, Load base: 0x08000000, Size: 0x0000393c, Max: 0x00010000, ABSOLUTE)

    Exec Addr    Load Addr    Size         Type   Attr      Idx    E Section Name        Object

    0x08000000   0x08000000   0x000000ec   Data   RO         2637    RESET               startup_stm32f10x_md.o
    0x080000ec   0x080000ec   0x00000008   Code   RO         2751  * !!!main             c_w.l(__main.o)
    0x080000f4   0x080000f4   0x00000034   Code   RO         3089    !!!scatter          c_w.l(__scatter.o)
    0x08000128   0x08000128   0x0000001a   Code   RO         3091    !!handler_copy      c_w.l(__scatter_copy.o)
    0x08000142   0x08000142   0x00000002   PAD
    0x08000144   0x08000144   0x0000001c   Code   RO         3093    !!handler_zi        c_w.l(__scatter_zi.o)
    0x08000160   0x08000160   0x00000002   Code   RO         3024    .ARM.Collect$$libinit$$00000000  c_w.l(libinit.o)
    0x08000162   0x08000162   0x00000000   Code   RO         2874    .ARM.Collect$$libinit$$00000002  c_w.l(libinit2.o)
    0x08000162   0x08000162   0x00000000   Code   RO         2876    .ARM.Collect$$libinit$$00000004  c_w.l(libinit2.o)
    0x08000162   0x08000162   0x00000008   Code   RO         2877    .ARM.Collect$$libinit$$00000005  c_w.l(libinit2.o)
    0x0800016a   0x0800016a   0x00000000   Code   RO         2879    .ARM.Collect$$libinit$$0000000A  c_w.l(libinit2.o)
    0x0800016a   0x0800016a   0x00000000   Code   RO         2881    .ARM.Collect$$libinit$$0000000C  c_w.l(libinit2.o)
    0x0800016a   0x0800016a   0x00000000   Code   RO         2883    .ARM.Collect$$libinit$$0000000E  c_w.l(libinit2.o)
    0x0800016a   0x0800016a   0x00000000   Code   RO         2886    .ARM.Collect$$libinit$$00000011  c_w.l(libinit2.o)
    0x0800016a   0x0800016a   0x00000000   Code   RO         2888    .ARM.Collect$$libinit$$00000013  c_w.l(libinit2.o)
    0x0800016a   0x0800016a   0x00000000   Code   RO         2890    .ARM.Collect$$libinit$$00000015  c_w.l(libinit2.o)
    0x0800016a   0x0800016a   0x00000000   Code   RO         2892    .ARM.Collect$$libinit$$00000017  c_w.l(libinit2.o)
    0x0800016a   0x0800016a   0x00000000   Code   RO         2894    .ARM.Collect$$libinit$$00000019  c_w.l(libinit2.o)
    0x0800016a   0x0800016a   0x00000000   Code   RO         2896    .ARM.Collect$$libinit$$0000001B  c_w.l(libinit2.o)
    0x0800016a   0x0800016a   0x00000000   Code   RO         2898    .ARM.Collect$$libinit$$0000001D  c_w.l(libinit2.o)
    0x0800016a   0x0800016a   0x00000000   Code   RO         2900    .ARM.Collect$$libinit$$0000001F  c_w.l(libinit2.o)
    0x0800016a   0x0800016a   0x00000000   Code   RO         2902    .ARM.Collect$$libinit$$00000021  c_w.l(libinit2.o)
    0x0800016a   0x0800016a   0x00000000   Code   RO         2904    .ARM.Collect$$libinit$$00000023  c_w.l(libinit2.o)
    0x0800016a   0x0800016a   0x00000000   Code   RO         2906    .ARM.Collect$$libinit$$00000025  c_w.l(libinit2.o)
    0x0800016a   0x0800016a   0x00000000   Code   RO         2910    .ARM.Collect$$libinit$$0000002C  c_w.l(libinit2.o)
    0x0800016a   0x0800016a   0x00000000   Code   RO         2912    .ARM.Collect$$libinit$$0000002E  c_w.l(libinit2.o)
    0x0800016a   0x0800016a   0x00000000   Code   RO         2914    .ARM.Collect$$libinit$$00000030  c_w.l(libinit2.o)
    0x0800016a   0x0800016a   0x00000000   Code   RO         2916    .ARM.Collect$$libinit$$00000032  c_w.l(libinit2.o)
    0x0800016a   0x0800016a   0x00000002   Code   RO         2917    .ARM.Collect$$libinit$$00000033  c_w.l(libinit2.o)
    0x0800016c   0x0800016c   0x00000002   Code   RO         3086    .ARM.Collect$$libshutdown$$00000000  c_w.l(libshutdown.o)
    0x0800016e   0x0800016e   0x00000000   Code   RO         3040    .ARM.Collect$$libshutdown$$00000002  c_w.l(libshutdown2.o)
    0x0800016e   0x0800016e   0x00000000   Code   RO         3042    .ARM.Collect$$libshutdown$$00000004  c_w.l(libshutdown2.o)
    0x0800016e   0x0800016e   0x00000000   Code   RO         3045    .ARM.Collect$$libshutdown$$00000007  c_w.l(libshutdown2.o)
    0x0800016e   0x0800016e   0x00000000   Code   RO         3048    .ARM.Collect$$libshutdown$$0000000A  c_w.l(libshutdown2.o)
    0x0800016e   0x0800016e   0x00000000   Code   RO         3050    .ARM.Collect$$libshutdown$$0000000C  c_w.l(libshutdown2.o)
    0x0800016e   0x0800016e   0x00000000   Code   RO         3053    .ARM.Collect$$libshutdown$$0000000F  c_w.l(libshutdown2.o)
    0x0800016e   0x0800016e   0x00000002   Code   RO         3054    .ARM.Collect$$libshutdown$$00000010  c_w.l(libshutdown2.o)
    0x08000170   0x08000170   0x00000000   Code   RO         2837    .ARM.Collect$$rtentry$$00000000  c_w.l(__rtentry.o)
    0x08000170   0x08000170   0x00000000   Code   RO         2960    .ARM.Collect$$rtentry$$00000002  c_w.l(__rtentry2.o)
    0x08000170   0x08000170   0x00000006   Code   RO         2972    .ARM.Collect$$rtentry$$00000004  c_w.l(__rtentry4.o)
    0x08000176   0x08000176   0x00000000   Code   RO         2962    .ARM.Collect$$rtentry$$00000009  c_w.l(__rtentry2.o)
    0x08000176   0x08000176   0x00000004   Code   RO         2963    .ARM.Collect$$rtentry$$0000000A  c_w.l(__rtentry2.o)
    0x0800017a   0x0800017a   0x00000000   Code   RO         2965    .ARM.Collect$$rtentry$$0000000C  c_w.l(__rtentry2.o)
    0x0800017a   0x0800017a   0x00000008   Code   RO         2966    .ARM.Collect$$rtentry$$0000000D  c_w.l(__rtentry2.o)
    0x08000182   0x08000182   0x00000002   Code   RO         3029    .ARM.Collect$$rtexit$$00000000  c_w.l(rtexit.o)
    0x08000184   0x08000184   0x00000000   Code   RO         3060    .ARM.Collect$$rtexit$$00000002  c_w.l(rtexit2.o)
    0x08000184   0x08000184   0x00000004   Code   RO         3061    .ARM.Collect$$rtexit$$00000003  c_w.l(rtexit2.o)
    0x08000188   0x08000188   0x00000006   Code   RO         3062    .ARM.Collect$$rtexit$$00000004  c_w.l(rtexit2.o)
    0x0800018e   0x0800018e   0x00000002   PAD
    0x08000190   0x08000190   0x00000000   Code   RO         2981    .emb_text           c_w.l(maybetermalloc1.o)
    0x08000190   0x08000190   0x00000040   Code   RO         2638    .text               startup_stm32f10x_md.o
    0x080001d0   0x080001d0   0x0000005e   Code   RO         2689    .text               c_w.l(h1_alloc.o)
    0x0800022e   0x0800022e   0x0000004e   Code   RO         2691    .text               c_w.l(h1_free.o)
    0x0800027c   0x0800027c   0x00000084   Code   RO         2747    .text               c_w.l(rt_memmove_v6.o)
    0x08000300   0x08000300   0x00000006   Code   RO         2749    .text               c_w.l(heapauxi.o)
    0x08000306   0x08000306   0x00000002   PAD
    0x08000308   0x08000308   0x00000008   Code   RO         2841    .text               c_w.l(rt_heap_descriptor_intlibspace.o)
    0x08000310   0x08000310   0x00000004   Code   RO         2843    .text               c_w.l(hguard.o)
    0x08000314   0x08000314   0x0000008a   Code   RO         2845    .text               c_w.l(init_alloc.o)
    0x0800039e   0x0800039e   0x0000000e   Code   RO         2849    .text               c_w.l(h1_init.o)
    0x080003ac   0x080003ac   0x0000008a   Code   RO         2865    .text               c_w.l(rt_memcpy_v6.o)
    0x08000436   0x08000436   0x00000064   Code   RO         2867    .text               c_w.l(rt_memcpy_w.o)
    0x0800049a   0x0800049a   0x0000007a   Code   RO         2869    .text               c_w.l(rt_memmove_w.o)
    0x08000514   0x08000514   0x00000008   Code   RO         2956    .text               c_w.l(libspace.o)
    0x0800051c   0x0800051c   0x00000034   Code   RO         2983    .text               c_w.l(h1_extend.o)
    0x08000550   0x08000550   0x0000000e   Code   RO         2987    .text               c_w.l(defsig_rtmem_outer.o)
    0x0800055e   0x0800055e   0x00000002   Code   RO         3000    .text               c_w.l(use_no_semi.o)
    0x08000560   0x08000560   0x00000000   Code   RO         3002    .text               c_w.l(indicate_semi.o)
    0x08000560   0x08000560   0x0000004a   Code   RO         3003    .text               c_w.l(sys_stackheap_outer.o)
    0x080005aa   0x080005aa   0x00000012   Code   RO         3009    .text               c_w.l(exit.o)
    0x080005bc   0x080005bc   0x0000000a   Code   RO         3011    .text               c_w.l(defsig_exit.o)
    0x080005c6   0x080005c6   0x00000002   PAD
    0x080005c8   0x080005c8   0x00000050   Code   RO         3013    .text               c_w.l(defsig_rtmem_inner.o)
    0x08000618   0x08000618   0x0000000c   Code   RO         3027    .text               c_w.l(sys_exit.o)
    0x08000624   0x08000624   0x00000032   Code   RO         3037    .text               c_w.l(defsig_general.o)
    0x08000656   0x08000656   0x0000000e   Code   RO         3057    .text               c_w.l(sys_wrch.o)
    0x08000664   0x08000664   0x00000002   Code   RO          390    i.BusFault_Handler  stm32f10x_it.o
    0x08000666   0x08000666   0x00000030   Code   RO         1070    i.CRC_Verify        comm.o
    0x08000696   0x08000696   0x00000002   Code   RO          391    i.DebugMon_Handler  stm32f10x_it.o
    0x08000698   0x08000698   0x000000a2   Code   RO         1287    i.GPIO_Init         stm32f10x_gpio.o
    0x0800073a   0x0800073a   0x00000002   Code   RO          392    i.HardFault_Handler  stm32f10x_it.o
    0x0800073c   0x0800073c   0x00000014   Code   RO         1408    i.I2C_AcknowledgeConfig  stm32f10x_i2c.o
    0x08000750   0x08000750   0x00000018   Code   RO         1410    i.I2C_CheckEvent    stm32f10x_i2c.o
    0x08000768   0x08000768   0x00000014   Code   RO         1413    i.I2C_Cmd           stm32f10x_i2c.o
    0x0800077c   0x0800077c   0x00000014   Code   RO         1420    i.I2C_GenerateSTART  stm32f10x_i2c.o
    0x08000790   0x08000790   0x00000014   Code   RO         1421    i.I2C_GenerateSTOP  stm32f10x_i2c.o
    0x080007a4   0x080007a4   0x0000002a   Code   RO         1422    i.I2C_GetFlagStatus  stm32f10x_i2c.o
    0x080007ce   0x080007ce   0x00000002   PAD
    0x080007d0   0x080007d0   0x000000bc   Code   RO         1427    i.I2C_Init          stm32f10x_i2c.o
    0x0800088c   0x0800088c   0x00000006   Code   RO         1432    i.I2C_ReceiveData   stm32f10x_i2c.o
    0x08000892   0x08000892   0x00000010   Code   RO         1434    i.I2C_Send7bitAddress  stm32f10x_i2c.o
    0x080008a2   0x080008a2   0x00000004   Code   RO         1435    i.I2C_SendData      stm32f10x_i2c.o
    0x080008a6   0x080008a6   0x00000002   Code   RO          393    i.MemManage_Handler  stm32f10x_it.o
    0x080008a8   0x080008a8   0x00000002   Code   RO          394    i.NMI_Handler       stm32f10x_it.o
    0x080008aa   0x080008aa   0x00000002   PAD
    0x080008ac   0x080008ac   0x00000064   Code   RO         1167    i.NVIC_Init         misc.o
    0x08000910   0x08000910   0x00000014   Code   RO         1168    i.NVIC_PriorityGroupConfig  misc.o
    0x08000924   0x08000924   0x00000014   Code   RO         1169    i.NVIC_SetVectorTable  misc.o
    0x08000938   0x08000938   0x0000002c   Code   RO          132    i.NVIC_USART_Init   usart.o
    0x08000964   0x08000964   0x0000000e   Code   RO          759    i.PIDEnable         motor.o
    0x08000972   0x08000972   0x00000002   PAD
    0x08000974   0x08000974   0x000000b4   Code   RO          760    i.PIDRegulate       motor.o
    0x08000a28   0x08000a28   0x00000014   Code   RO          761    i.PIDSetSpeedRMPDesired  motor.o
    0x08000a3c   0x08000a3c   0x00000060   Code   RO          762    i.PIDSetup          motor.o
    0x08000a9c   0x08000a9c   0x00000124   Code   RO         1004    i.PID_Compute       pid_controller.o
    0x08000bc0   0x08000bc0   0x0000003c   Code   RO         1005    i.PID_Initialize    pid_controller.o
    0x08000bfc   0x08000bfc   0x00000042   Code   RO         1006    i.PID_Reset         pid_controller.o
    0x08000c3e   0x08000c3e   0x0000001e   Code   RO         1007    i.PID_SetMode       pid_controller.o
    0x08000c5c   0x08000c5c   0x0000008c   Code   RO         1008    i.PID_SetOutputLimits  pid_controller.o
    0x08000ce8   0x08000ce8   0x00000058   Code   RO         1009    i.PID_SetSampleTime  pid_controller.o
    0x08000d40   0x08000d40   0x00000098   Code   RO         1010    i.PID_SetTunings    pid_controller.o
    0x08000dd8   0x08000dd8   0x0000008c   Code   RO          233    i.PWM_Init          tim.o
    0x08000e64   0x08000e64   0x00000002   Code   RO          395    i.PendSV_Handler    stm32f10x_it.o
    0x08000e66   0x08000e66   0x00000002   PAD
    0x08000e68   0x08000e68   0x00000018   Code   RO         1625    i.RCC_APB1PeriphClockCmd  stm32f10x_rcc.o
    0x08000e80   0x08000e80   0x00000018   Code   RO         1627    i.RCC_APB2PeriphClockCmd  stm32f10x_rcc.o
    0x08000e98   0x08000e98   0x00000090   Code   RO         1635    i.RCC_GetClocksFreq  stm32f10x_rcc.o
    0x08000f28   0x08000f28   0x00000002   Code   RO          396    i.SVC_Handler       stm32f10x_it.o
    0x08000f2a   0x08000f2a   0x00000002   PAD
    0x08000f2c   0x08000f2c   0x0000017c   Code   RO          133    i.Serial_Config     usart.o
    0x080010a8   0x080010a8   0x000000a8   Code   RO         2645    i.SetSysClockTo72   system_stm32f10x.o
    0x08001150   0x08001150   0x00000004   Code   RO          397    i.SysTick_Handler   stm32f10x_it.o
    0x08001154   0x08001154   0x00000058   Code   RO           81    i.SysTick_Init      systick.o
    0x080011ac   0x080011ac   0x00000050   Code   RO         2647    i.SystemInit        system_stm32f10x.o
    0x080011fc   0x080011fc   0x0000006c   Code   RO         1835    i.TI1_Config        stm32f10x_tim.o
    0x08001268   0x08001268   0x0000007c   Code   RO         1836    i.TI2_Config        stm32f10x_tim.o
    0x080012e4   0x080012e4   0x00000060   Code   RO          700    i.TIM1_UP_IRQHandler  srf04.o
    0x08001344   0x08001344   0x00000014   Code   RO         1837    i.TIM_ARRPreloadConfig  stm32f10x_tim.o
    0x08001358   0x08001358   0x00000006   Code   RO         1844    i.TIM_ClearITPendingBit  stm32f10x_tim.o
    0x0800135e   0x0800135e   0x00000014   Code   RO         1849    i.TIM_Cmd           stm32f10x_tim.o
    0x08001372   0x08001372   0x00000016   Code   RO         1851    i.TIM_CtrlPWMOutputs  stm32f10x_tim.o
    0x08001388   0x08001388   0x00000032   Code   RO         1858    i.TIM_EncoderInterfaceConfig  stm32f10x_tim.o
    0x080013ba   0x080013ba   0x00000004   Code   RO         1864    i.TIM_GetCapture1   stm32f10x_tim.o
    0x080013be   0x080013be   0x00000004   Code   RO         1865    i.TIM_GetCapture2   stm32f10x_tim.o
    0x080013c2   0x080013c2   0x00000004   Code   RO         1868    i.TIM_GetCounter    stm32f10x_tim.o
    0x080013c6   0x080013c6   0x00000018   Code   RO         1870    i.TIM_GetITStatus   stm32f10x_tim.o
    0x080013de   0x080013de   0x00000010   Code   RO         1874    i.TIM_ITConfig      stm32f10x_tim.o
    0x080013ee   0x080013ee   0x00000002   PAD
    0x080013f0   0x080013f0   0x0000007c   Code   RO         1888    i.TIM_OC3Init       stm32f10x_tim.o
    0x0800146c   0x0800146c   0x0000000c   Code   RO         1891    i.TIM_OC3PreloadConfig  stm32f10x_tim.o
    0x08001478   0x08001478   0x00000064   Code   RO         1893    i.TIM_OC4Init       stm32f10x_tim.o
    0x080014dc   0x080014dc   0x00000014   Code   RO         1895    i.TIM_OC4PreloadConfig  stm32f10x_tim.o
    0x080014f0   0x080014f0   0x00000014   Code   RO         1896    i.TIM_OCStructInit  stm32f10x_tim.o
    0x08001504   0x08001504   0x0000006c   Code   RO         1897    i.TIM_PWMIConfig    stm32f10x_tim.o
    0x08001570   0x08001570   0x00000006   Code   RO          234    i.TIM_ResetCounter  tim.o
    0x08001576   0x08001576   0x0000000c   Code   RO         1902    i.TIM_SelectInputTrigger  stm32f10x_tim.o
    0x08001582   0x08001582   0x00000010   Code   RO         1903    i.TIM_SelectMasterSlaveMode  stm32f10x_tim.o
    0x08001592   0x08001592   0x00000010   Code   RO         1915    i.TIM_SetIC1Prescaler  stm32f10x_tim.o
    0x080015a2   0x080015a2   0x00000018   Code   RO         1916    i.TIM_SetIC2Prescaler  stm32f10x_tim.o
    0x080015ba   0x080015ba   0x00000002   PAD
    0x080015bc   0x080015bc   0x0000009c   Code   RO         1920    i.TIM_TimeBaseInit  stm32f10x_tim.o
    0x08001658   0x08001658   0x00000028   Code   RO           82    i.TimingDelay_Crement  systick.o
    0x08001680   0x08001680   0x00000038   Code   RO         1071    i.USART1_IRQHandler  comm.o
    0x080016b8   0x080016b8   0x0000000c   Code   RO         2381    i.USART_ClearITPendingBit  stm32f10x_usart.o
    0x080016c4   0x080016c4   0x00000014   Code   RO         2384    i.USART_Cmd         stm32f10x_usart.o
    0x080016d8   0x080016d8   0x0000000e   Code   RO         2387    i.USART_GetFlagStatus  stm32f10x_usart.o
    0x080016e6   0x080016e6   0x0000003e   Code   RO         2388    i.USART_GetITStatus  stm32f10x_usart.o
    0x08001724   0x08001724   0x00000030   Code   RO         2390    i.USART_ITConfig    stm32f10x_usart.o
    0x08001754   0x08001754   0x000000ac   Code   RO         2391    i.USART_Init        stm32f10x_usart.o
    0x08001800   0x08001800   0x00000008   Code   RO         2398    i.USART_ReceiveData  stm32f10x_usart.o
    0x08001808   0x08001808   0x00000020   Code   RO          135    i.USART_SendArray   usart.o
    0x08001828   0x08001828   0x0000001e   Code   RO          136    i.USART_SendByte    usart.o
    0x08001846   0x08001846   0x00000008   Code   RO         2401    i.USART_SendData    stm32f10x_usart.o
    0x0800184e   0x0800184e   0x00000002   Code   RO          398    i.UsageFault_Handler  stm32f10x_it.o
    0x08001850   0x08001850   0x00000008   Code   RO          519    i.adxl345_get_id    adxl345.o
    0x08001858   0x08001858   0x00000090   Code   RO          520    i.adxl345_parse     adxl345.o
    0x080018e8   0x080018e8   0x00000018   Code   RO          521    i.clear_flag_adxl345_init  adxl345.o
    0x08001900   0x08001900   0x0000000c   Code   RO          465    i.clear_fmc_led     led.o
    0x0800190c   0x0800190c   0x00000040   Code   RO          466    i.cmdLed            led.o
    0x0800194c   0x0800194c   0x00000038   Code   RO         1072    i.comm_init         comm.o
    0x08001984   0x08001984   0x00000090   Code   RO         1073    i.comm_parse        comm.o
    0x08001a14   0x08001a14   0x0000003c   Code   RO          763    i.computeEncoder    motor.o
    0x08001a50   0x08001a50   0x00000054   Code   RO         1074    i.driverResponseFaulClear  comm.o
    0x08001aa4   0x08001aa4   0x0000007c   Code   RO         1075    i.driverResponseIMU  comm.o
    0x08001b20   0x08001b20   0x000000a4   Code   RO         1076    i.driverResponsePID  comm.o
    0x08001bc4   0x08001bc4   0x00000078   Code   RO         1078    i.driverResponseSonarEnc  comm.o
    0x08001c3c   0x08001c3c   0x00000080   Code   RO         1079    i.driverResponseSttDriver1  comm.o
    0x08001cbc   0x08001cbc   0x00000084   Code   RO         1080    i.driverResponseSttDriver2  comm.o
    0x08001d40   0x08001d40   0x00000018   Code   RO          766    i.getDir            motor.o
    0x08001d58   0x08001d58   0x0000000c   Code   RO          701    i.getDistance       srf04.o
    0x08001d64   0x08001d64   0x00000014   Code   RO          767    i.getEncoder        motor.o
    0x08001d78   0x08001d78   0x00000094   Code   RO          769    i.getParamPID       motor.o
    0x08001e0c   0x08001e0c   0x00000024   Code   RO          772    i.getSpeedRPM       motor.o
    0x08001e30   0x08001e30   0x00000018   Code   RO          774    i.getStatus         motor.o
    0x08001e48   0x08001e48   0x0000003c   Code   RO          775    i.getStatusIN       motor.o
    0x08001e84   0x08001e84   0x00000060   Code   RO          776    i.getSttDriver      motor.o
    0x08001ee4   0x08001ee4   0x0000000c   Code   RO          702    i.getTimeSonar      srf04.o
    0x08001ef0   0x08001ef0   0x0000001c   Code   RO          527    i.get_acceleration_rawX  adxl345.o
    0x08001f0c   0x08001f0c   0x0000001c   Code   RO          528    i.get_acceleration_rawY  adxl345.o
    0x08001f28   0x08001f28   0x0000001c   Code   RO          529    i.get_acceleration_rawZ  adxl345.o
    0x08001f44   0x08001f44   0x0000000c   Code   RO          531    i.get_sst_adxl345_init  adxl345.o
    0x08001f50   0x08001f50   0x0000007c   Code   RO          532    i.i2c1_init         adxl345.o
    0x08001fcc   0x08001fcc   0x0000009c   Code   RO          533    i.i2c_address_direction  adxl345.o
    0x08002068   0x08002068   0x00000068   Code   RO          535    i.i2c_receive_nack  adxl345.o
    0x080020d0   0x080020d0   0x00000084   Code   RO          536    i.i2c_start         adxl345.o
    0x08002154   0x08002154   0x0000005c   Code   RO          537    i.i2c_stop          adxl345.o
    0x080021b0   0x080021b0   0x00000060   Code   RO          538    i.i2c_transmit      adxl345.o
    0x08002210   0x08002210   0x00000034   Code   RO          467    i.led_init          led.o
    0x08002244   0x08002244   0x0000002a   Code   RO          336    i.main              main.o
    0x0800226e   0x0800226e   0x00000030   Code   RO          271    i.map               mylib.o
    0x0800229e   0x0800229e   0x00000002   PAD
    0x080022a0   0x080022a0   0x0000000c   Code   RO           84    i.millis            systick.o
    0x080022ac   0x080022ac   0x000000a8   Code   RO          777    i.motor_init        motor.o
    0x08002354   0x08002354   0x000000e8   Code   RO         1081    i.parse_sms         comm.o
    0x0800243c   0x0800243c   0x00000068   Code   RO          703    i.ping_obstacle     srf04.o
    0x080024a4   0x080024a4   0x00000044   Code   RO          778    i.process_motorPID  motor.o
    0x080024e8   0x080024e8   0x00000038   Code   RO          539    i.read_i2c          adxl345.o
    0x08002520   0x08002520   0x00000014   Code   RO          779    i.resetEncoder      motor.o
    0x08002534   0x08002534   0x0000000c   Code   RO          182    i.ringbuf_elements  ringbuf.o
    0x08002540   0x08002540   0x00000020   Code   RO          183    i.ringbuf_get       ringbuf.o
    0x08002560   0x08002560   0x0000000e   Code   RO          184    i.ringbuf_init      ringbuf.o
    0x0800256e   0x0800256e   0x00000024   Code   RO          185    i.ringbuf_put       ringbuf.o
    0x08002592   0x08002592   0x00000002   PAD
    0x08002594   0x08002594   0x00000038   Code   RO          780    i.runPWM            motor.o
    0x080025cc   0x080025cc   0x000000e4   Code   RO          781    i.runtimeDriver     motor.o
    0x080026b0   0x080026b0   0x00000042   Code   RO          782    i.setDir            motor.o
    0x080026f2   0x080026f2   0x00000002   PAD
    0x080026f4   0x080026f4   0x00000018   Code   RO          784    i.setRunTime        motor.o
    0x0800270c   0x0800270c   0x0000002c   Code   RO          785    i.setSpeed          motor.o
    0x08002738   0x08002738   0x00000004   Code   RO          788    i.setSpeedRPM       motor.o
    0x0800273c   0x0800273c   0x00000032   Code   RO          789    i.setStatus         motor.o
    0x0800276e   0x0800276e   0x00000002   PAD
    0x08002770   0x08002770   0x00000034   Code   RO          790    i.setStatusM1       motor.o
    0x080027a4   0x080027a4   0x00000034   Code   RO          791    i.setStatusM2       motor.o
    0x080027d8   0x080027d8   0x0000000c   Code   RO          468    i.set_fmc_led       led.o
    0x080027e4   0x080027e4   0x00000030   Code   RO          540    i.set_power_mode    adxl345.o
    0x08002814   0x08002814   0x00000032   Code   RO          792    i.setupDriver1      motor.o
    0x08002846   0x08002846   0x00000002   PAD
    0x08002848   0x08002848   0x00000054   Code   RO          793    i.setupDriver2      motor.o
    0x0800289c   0x0800289c   0x00000012   Code   RO          794    i.setupPID          motor.o
    0x080028ae   0x080028ae   0x00000002   PAD
    0x080028b0   0x080028b0   0x00000058   Code   RO          795    i.setupPIDLeft      motor.o
    0x08002908   0x08002908   0x00000058   Code   RO          796    i.setupPIDRight     motor.o
    0x08002960   0x08002960   0x0000004c   Code   RO          704    i.sonar_srf04_init  srf04.o
    0x080029ac   0x080029ac   0x0000009c   Code   RO          235    i.tim_init          tim.o
    0x08002a48   0x08002a48   0x000000dc   Code   RO          705    i.timersonar_init   srf04.o
    0x08002b24   0x08002b24   0x00000014   Code   RO          469    i.turnLed           led.o
    0x08002b38   0x08002b38   0x0000002a   Code   RO          541    i.write_i2c         adxl345.o
    0x08002b62   0x08002b62   0x00000002   PAD
    0x08002b64   0x08002b64   0x00000062   Code   RO         2753    x$fpl$d2f           fz_ws.l(d2f.o)
    0x08002bc6   0x08002bc6   0x00000002   PAD
    0x08002bc8   0x08002bc8   0x00000150   Code   RO         2755    x$fpl$dadd          fz_ws.l(daddsub_clz.o)
    0x08002d18   0x08002d18   0x00000018   Code   RO         2918    x$fpl$dcmpinf       fz_ws.l(dcmpi.o)
    0x08002d30   0x08002d30   0x000002b0   Code   RO         2762    x$fpl$ddiv          fz_ws.l(ddiv.o)
    0x08002fe0   0x08002fe0   0x00000078   Code   RO         2765    x$fpl$deqf          fz_ws.l(deqf.o)
    0x08003058   0x08003058   0x0000005e   Code   RO         2767    x$fpl$dfix          fz_ws.l(dfix.o)
    0x080030b6   0x080030b6   0x00000002   PAD
    0x080030b8   0x080030b8   0x0000005a   Code   RO         2771    x$fpl$dfixu         fz_ws.l(dfixu.o)
    0x08003112   0x08003112   0x0000002e   Code   RO         2776    x$fpl$dflt          fz_ws.l(dflt_clz.o)
    0x08003140   0x08003140   0x00000026   Code   RO         2775    x$fpl$dfltu         fz_ws.l(dflt_clz.o)
    0x08003166   0x08003166   0x00000002   PAD
    0x08003168   0x08003168   0x00000078   Code   RO         2781    x$fpl$dleqf         fz_ws.l(dleqf.o)
    0x080031e0   0x080031e0   0x00000154   Code   RO         2783    x$fpl$dmul          fz_ws.l(dmul.o)
    0x08003334   0x08003334   0x0000009c   Code   RO         2920    x$fpl$dnaninf       fz_ws.l(dnaninf.o)
    0x080033d0   0x080033d0   0x0000000c   Code   RO         2922    x$fpl$dretinf       fz_ws.l(dretinf.o)
    0x080033dc   0x080033dc   0x0000006c   Code   RO         2785    x$fpl$drleqf        fz_ws.l(drleqf.o)
    0x08003448   0x08003448   0x000001d4   Code   RO         2757    x$fpl$dsub          fz_ws.l(daddsub_clz.o)
    0x0800361c   0x0800361c   0x00000056   Code   RO         2787    x$fpl$f2d           fz_ws.l(f2d.o)
    0x08003672   0x08003672   0x00000002   PAD
    0x08003674   0x08003674   0x00000184   Code   RO         2790    x$fpl$fdiv          fz_ws.l(fdiv.o)
    0x080037f8   0x080037f8   0x00000036   Code   RO         2793    x$fpl$ffix          fz_ws.l(ffix.o)
    0x0800382e   0x0800382e   0x00000002   PAD
    0x08003830   0x08003830   0x00000030   Code   RO         2798    x$fpl$fflt          fz_ws.l(fflt_clz.o)
    0x08003860   0x08003860   0x00000026   Code   RO         2797    x$fpl$ffltu         fz_ws.l(fflt_clz.o)
    0x08003886   0x08003886   0x0000008c   Code   RO         2928    x$fpl$fnaninf       fz_ws.l(fnaninf.o)
    0x08003912   0x08003912   0x0000000a   Code   RO         2930    x$fpl$fretinf       fz_ws.l(fretinf.o)
    0x0800391c   0x0800391c   0x00000000   Code   RO         2934    x$fpl$usenofp       fz_ws.l(usenofp.o)
    0x0800391c   0x0800391c   0x00000020   Data   RO         3087    Region$$Table       anon$$obj.o


    Execution Region RW_IRAM1 (Exec base: 0x20000000, Load base: 0x0800393c, Size: 0x00000818, Max: 0x00005000, ABSOLUTE)

    Exec Addr    Load Addr    Size         Type   Attr      Idx    E Section Name        Object

    0x20000000   0x0800393c   0x00000008   Data   RW           85    .data               systick.o
    0x20000008   0x08003944   0x00000001   Data   RW          470    .data               led.o
    0x20000009   0x08003945   0x00000003   PAD
    0x2000000c   0x08003948   0x00000008   Data   RW          542    .data               adxl345.o
    0x20000014   0x08003950   0x0000000c   Data   RW          706    .data               srf04.o
    0x20000020   0x0800395c   0x00000018   Data   RW          798    .data               motor.o
    0x20000038   0x08003974   0x00000018   Data   RW         1083    .data               comm.o
    0x20000050   0x0800398c   0x00000014   Data   RW         1655    .data               stm32f10x_rcc.o
    0x20000064   0x080039a0   0x00000014   Data   RW         2648    .data               system_stm32f10x.o
    0x20000078        -       0x00000130   Zero   RW          797    .bss                motor.o
    0x200001a8        -       0x0000000c   Zero   RW         1082    .bss                comm.o
    0x200001b4        -       0x00000060   Zero   RW         2957    .bss                c_w.l(libspace.o)
    0x20000214   0x080039b4   0x00000004   PAD
    0x20000218        -       0x00000200   Zero   RW         2636    HEAP                startup_stm32f10x_md.o
    0x20000418        -       0x00000400   Zero   RW         2635    STACK               startup_stm32f10x_md.o


==============================================================================

Image component sizes


      Code (inc. data)   RO Data    RW Data    ZI Data      Debug   Object Name

      1122        104          0          8          0       9923   adxl345.o
      1288         78          0         24         12       7384   comm.o
       160         26          0          1          0       2210   led.o
        42          0          0          0          0       3127   main.o
       140         24          0          0          0       2349   misc.o
      1938        122          0         24        304      18719   motor.o
        48          0          0          0          0       1302   mylib.o
       828          6          0          0          0       4508   pid_controller.o
        94          0          0          0          0       2742   ringbuf.o
       520         48          0         12          0       3601   srf04.o
        64         26        236          0       1536        788   startup_stm32f10x_md.o
       162          0          0          0          0       2108   stm32f10x_gpio.o
       360         10          0          0          0       8348   stm32f10x_i2c.o
        20          0          0          0          0       3482   stm32f10x_it.o
       192         28          0         20          0       4790   stm32f10x_rcc.o
      1010        102          0          0          0      16257   stm32f10x_tim.o
       344          6          0          0          0       7307   stm32f10x_usart.o
         0          0          0          0          0     260096   system.o
       248         24          0         20          0       1901   system_stm32f10x.o
       140         28          0          8          0      26725   systick.o
       302         16          0          0          0       1974   tim.o
       486         22          0          0          0       2815   usart.o

    ----------------------------------------------------------------------
      9536        670        268        120       1852     392456   Object Totals
         0          0         32          0          0          0   (incl. Generated)
        28          0          0          3          0          0   (incl. Padding)

    ----------------------------------------------------------------------

      Code (inc. data)   RO Data    RW Data    ZI Data      Debug   Library Member Name

         8          0          0          0          0         68   __main.o
         0          0          0          0          0          0   __rtentry.o
        12          0          0          0          0          0   __rtentry2.o
         6          0          0          0          0          0   __rtentry4.o
        52          8          0          0          0          0   __scatter.o
        26          0          0          0          0          0   __scatter_copy.o
        28          0          0          0          0          0   __scatter_zi.o
        10          0          0          0          0         68   defsig_exit.o
        50          0          0          0          0         88   defsig_general.o
        80         58          0          0          0         76   defsig_rtmem_inner.o
        14          0          0          0          0         80   defsig_rtmem_outer.o
        18          0          0          0          0         80   exit.o
        94          0          0          0          0         80   h1_alloc.o
        52          0          0          0          0         68   h1_extend.o
        78          0          0          0          0         80   h1_free.o
        14          0          0          0          0         84   h1_init.o
         6          0          0          0          0        152   heapauxi.o
         4          0          0          0          0        136   hguard.o
         0          0          0          0          0          0   indicate_semi.o
       138          0          0          0          0        168   init_alloc.o
         2          0          0          0          0          0   libinit.o
        10          0          0          0          0          0   libinit2.o
         2          0          0          0          0          0   libshutdown.o
         2          0          0          0          0          0   libshutdown2.o
         8          4          0          0         96         68   libspace.o
         0          0          0          0          0          0   maybetermalloc1.o
         8          4          0          0          0         68   rt_heap_descriptor_intlibspace.o
       138          0          0          0          0         68   rt_memcpy_v6.o
       100          0          0          0          0         80   rt_memcpy_w.o
       132          0          0          0          0         68   rt_memmove_v6.o
       122          0          0          0          0         80   rt_memmove_w.o
         2          0          0          0          0          0   rtexit.o
        10          0          0          0          0          0   rtexit2.o
        12          4          0          0          0         68   sys_exit.o
        74          0          0          0          0         80   sys_stackheap_outer.o
        14          0          0          0          0         76   sys_wrch.o
         2          0          0          0          0         68   use_no_semi.o
        98          4          0          0          0         92   d2f.o
       804         16          0          0          0        272   daddsub_clz.o
        24          0          0          0          0         68   dcmpi.o
       688        140          0          0          0        208   ddiv.o
       120          4          0          0          0         92   deqf.o
        94          4          0          0          0         92   dfix.o
        90          4          0          0          0         92   dfixu.o
        84          0          0          0          0        136   dflt_clz.o
       120          4          0          0          0         92   dleqf.o
       340         12          0          0          0        104   dmul.o
       156          4          0          0          0         92   dnaninf.o
        12          0          0          0          0         68   dretinf.o
       108          0          0          0          0         80   drleqf.o
        86          4          0          0          0         84   f2d.o
       388         76          0          0          0         96   fdiv.o
        54          4          0          0          0         84   ffix.o
        86          0          0          0          0        136   fflt_clz.o
       140          4          0          0          0         84   fnaninf.o
        10          0          0          0          0         68   fretinf.o
         0          0          0          0          0          0   usenofp.o

    ----------------------------------------------------------------------
      4848        358          0          0        100       3992   Library Totals
        18          0          0          0          4          0   (incl. Padding)

    ----------------------------------------------------------------------

      Code (inc. data)   RO Data    RW Data    ZI Data      Debug   Library Name

      1328         78          0          0         96       1952   c_w.l
      3502        280          0          0          0       2040   fz_ws.l

    ----------------------------------------------------------------------
      4848        358          0          0        100       3992   Library Totals

    ----------------------------------------------------------------------

==============================================================================


      Code (inc. data)   RO Data    RW Data    ZI Data      Debug   

     14384       1028        268        120       1952     386824   Grand Totals
     14384       1028        268        120       1952     386824   ELF Image Totals
     14384       1028        268        120          0          0   ROM Totals

==============================================================================

    Total RO  Size (Code + RO Data)                14652 (  14.31kB)
    Total RW  Size (RW Data + ZI Data)              2072 (   2.02kB)
    Total ROM Size (Code + RO Data + RW Data)      14772 (  14.43kB)

==============================================================================

