15:30:25 **** Build of configuration Debug for project usart ****
make -j4 all 
arm-none-eabi-gcc -mcpu=cortex-m3 -g3 -c -x assembler-with-cpp -MMD -MP -MF"Startup/startup_stm32f103retx.d" -MT"Startup/startup_stm32f103retx.o" --specs=nano.specs -mfloat-abi=soft -mthumb -o "Startup/startup_stm32f103retx.o" "../Startup/startup_stm32f103retx.s"
arm-none-eabi-gcc "../Src/main.c" -mcpu=cortex-m3 -std=gnu11 -g3 -DSTM32 -DSTM32F1 -DDEBUG -DSTM32F103RETx -c -I"E:/Study/Hoc_STM/STM32_Course/stm32_advance_online1/usart/drivers/ITC/Mid/base" -I"E:/Study/Hoc_STM/STM32_Course/stm32_advance_online1/usart/drivers/ITC/Module/User_Uart" -I"E:/Study/Hoc_STM/STM32_Course/stm32_advance_online1/usart/drivers/ITC/Module/User_Uart/cfg" -I"E:/Study/Hoc_STM/STM32_Course/stm32_advance_online1/usart/drivers/ITC/Module/User_Uart/ip" -I"E:/Study/Hoc_STM/STM32_Course/stm32_advance_online1/usart/drivers/ITC/Module/User_Uart/protocol" -O0 -ffunction-sections -fdata-sections -Wall -fstack-usage -MMD -MP -MF"Src/main.d" -MT"Src/main.o" --specs=nano.specs -mfloat-abi=soft -mthumb -o "Src/main.o"
arm-none-eabi-gcc "../Src/syscalls.c" -mcpu=cortex-m3 -std=gnu11 -g3 -DSTM32 -DSTM32F1 -DDEBUG -DSTM32F103RETx -c -I"E:/Study/Hoc_STM/STM32_Course/stm32_advance_online1/usart/drivers/ITC/Mid/base" -I"E:/Study/Hoc_STM/STM32_Course/stm32_advance_online1/usart/drivers/ITC/Module/User_Uart" -I"E:/Study/Hoc_STM/STM32_Course/stm32_advance_online1/usart/drivers/ITC/Module/User_Uart/cfg" -I"E:/Study/Hoc_STM/STM32_Course/stm32_advance_online1/usart/drivers/ITC/Module/User_Uart/ip" -I"E:/Study/Hoc_STM/STM32_Course/stm32_advance_online1/usart/drivers/ITC/Module/User_Uart/protocol" -O0 -ffunction-sections -fdata-sections -Wall -fstack-usage -MMD -MP -MF"Src/syscalls.d" -MT"Src/syscalls.o" --specs=nano.specs -mfloat-abi=soft -mthumb -o "Src/syscalls.o"
arm-none-eabi-gcc "../Src/sysmem.c" -mcpu=cortex-m3 -std=gnu11 -g3 -DSTM32 -DSTM32F1 -DDEBUG -DSTM32F103RETx -c -I"E:/Study/Hoc_STM/STM32_Course/stm32_advance_online1/usart/drivers/ITC/Mid/base" -I"E:/Study/Hoc_STM/STM32_Course/stm32_advance_online1/usart/drivers/ITC/Module/User_Uart" -I"E:/Study/Hoc_STM/STM32_Course/stm32_advance_online1/usart/drivers/ITC/Module/User_Uart/cfg" -I"E:/Study/Hoc_STM/STM32_Course/stm32_advance_online1/usart/drivers/ITC/Module/User_Uart/ip" -I"E:/Study/Hoc_STM/STM32_Course/stm32_advance_online1/usart/drivers/ITC/Module/User_Uart/protocol" -O0 -ffunction-sections -fdata-sections -Wall -fstack-usage -MMD -MP -MF"Src/sysmem.d" -MT"Src/sysmem.o" --specs=nano.specs -mfloat-abi=soft -mthumb -o "Src/sysmem.o"
arm-none-eabi-gcc -o "usart.elf" @"objects.list"   -mcpu=cortex-m3 -T"E:\Study\Hoc_STM\STM32_Course\stm32_advance_online1\usart\STM32F103RETX_FLASH.ld" --specs=nosys.specs -Wl,-Map="usart.map" -Wl,--gc-sections -static --specs=nano.specs -mfloat-abi=soft -mthumb -Wl,--start-group -lc -lm -Wl,--end-group
Finished building target: usart.elf
 
arm-none-eabi-size   usart.elf 
arm-none-eabi-objdump -h -S  usart.elf  > "usart.list"
arm-none-eabi-objcopy  -O binary  usart.elf  "usart.bin"
   text	   data	    bss	    dec	    hex	filename
    556	      8	   1568	   2132	    854	usart.elf
Finished building: default.size.stdout
 
Finished building: usart.bin
 
Finished building: usart.list
 

15:30:27 Build Finished. 0 errors, 0 warnings. (took 2s.350ms)

